Component: ARM Compiler 5.06 update 6 (build 750) Tool: armlink [4d35ed]

==============================================================================

Section Cross References

    startup_stm32l442xx.o(RESET) refers to startup_stm32l442xx.o(STACK) for __initial_sp
    startup_stm32l442xx.o(RESET) refers to startup_stm32l442xx.o(.text) for Reset_Handler
    startup_stm32l442xx.o(RESET) refers to stm32l4xx_it.o(i.NMI_Handler) for NMI_Handler
    startup_stm32l442xx.o(RESET) refers to stm32l4xx_it.o(i.HardFault_Handler) for HardFault_Handler
    startup_stm32l442xx.o(RESET) refers to stm32l4xx_it.o(i.MemManage_Handler) for MemManage_Handler
    startup_stm32l442xx.o(RESET) refers to stm32l4xx_it.o(i.BusFault_Handler) for BusFault_Handler
    startup_stm32l442xx.o(RESET) refers to stm32l4xx_it.o(i.UsageFault_Handler) for UsageFault_Handler
    startup_stm32l442xx.o(RESET) refers to stm32l4xx_it.o(i.SVC_Handler) for SVC_Handler
    startup_stm32l442xx.o(RESET) refers to stm32l4xx_it.o(i.DebugMon_Handler) for DebugMon_Handler
    startup_stm32l442xx.o(RESET) refers to stm32l4xx_it.o(i.PendSV_Handler) for PendSV_Handler
    startup_stm32l442xx.o(RESET) refers to stm32l4xx_it.o(i.SysTick_Handler) for SysTick_Handler
    startup_stm32l442xx.o(RESET) refers to stm32l4xx_it.o(i.DMA1_Channel1_IRQHandler) for DMA1_Channel1_IRQHandler
    startup_stm32l442xx.o(RESET) refers to stm32l4xx_it.o(i.USB_IRQHandler) for USB_IRQHandler
    startup_stm32l442xx.o(.text) refers to system_stm32l4xx.o(i.SystemInit) for SystemInit
    startup_stm32l442xx.o(.text) refers to entry.o(.ARM.Collect$$$$00000000) for __main
    main.o(i.HAL_ADC_ConvCpltCallback) refers to stm32l4xx_hal_gpio.o(i.HAL_GPIO_WritePin) for HAL_GPIO_WritePin
    main.o(i.HAL_ADC_ConvCpltCallback) refers to stm32l4xx_hal_adc.o(i.HAL_ADC_Stop_DMA) for HAL_ADC_Stop_DMA
    main.o(i.HAL_ADC_ConvCpltCallback) refers to main.o(.data) for adc_counter
    main.o(i.HAL_ADC_ConvCpltCallback) refers to main.o(.bss) for hadc1
    main.o(i.MX_ADC1_Init) refers to memseta.o(.text) for __aeabi_memclr4
    main.o(i.MX_ADC1_Init) refers to stm32l4xx_hal_adc.o(i.HAL_ADC_Init) for HAL_ADC_Init
    main.o(i.MX_ADC1_Init) refers to main.o(i.Error_Handler) for Error_Handler
    main.o(i.MX_ADC1_Init) refers to stm32l4xx_hal_adc.o(i.HAL_ADC_ConfigChannel) for HAL_ADC_ConfigChannel
    main.o(i.MX_ADC1_Init) refers to main.o(.bss) for hadc1
    main.o(i.MX_DMA_Init) refers to stm32l4xx_hal_cortex.o(i.HAL_NVIC_SetPriority) for HAL_NVIC_SetPriority
    main.o(i.MX_DMA_Init) refers to stm32l4xx_hal_cortex.o(i.HAL_NVIC_EnableIRQ) for HAL_NVIC_EnableIRQ
    main.o(i.MX_GPIO_Init) refers to memseta.o(.text) for __aeabi_memclr4
    main.o(i.MX_GPIO_Init) refers to stm32l4xx_hal_gpio.o(i.HAL_GPIO_WritePin) for HAL_GPIO_WritePin
    main.o(i.MX_GPIO_Init) refers to stm32l4xx_hal_gpio.o(i.HAL_GPIO_Init) for HAL_GPIO_Init
    main.o(i.MX_SPI1_Init) refers to stm32l4xx_hal_spi.o(i.HAL_SPI_Init) for HAL_SPI_Init
    main.o(i.MX_SPI1_Init) refers to main.o(i.Error_Handler) for Error_Handler
    main.o(i.MX_SPI1_Init) refers to main.o(.bss) for hspi1
    main.o(i.MX_USART1_UART_Init) refers to stm32l4xx_hal_uart.o(i.HAL_UART_Init) for HAL_UART_Init
    main.o(i.MX_USART1_UART_Init) refers to main.o(i.Error_Handler) for Error_Handler
    main.o(i.MX_USART1_UART_Init) refers to main.o(.bss) for huart1
    main.o(i.SystemClock_Config) refers to memseta.o(.text) for __aeabi_memclr4
    main.o(i.SystemClock_Config) refers to stm32l4xx_hal_rcc.o(i.HAL_RCC_OscConfig) for HAL_RCC_OscConfig
    main.o(i.SystemClock_Config) refers to main.o(i.Error_Handler) for Error_Handler
    main.o(i.SystemClock_Config) refers to stm32l4xx_hal_rcc.o(i.HAL_RCC_ClockConfig) for HAL_RCC_ClockConfig
    main.o(i.SystemClock_Config) refers to stm32l4xx_hal_rcc_ex.o(i.HAL_RCCEx_PeriphCLKConfig) for HAL_RCCEx_PeriphCLKConfig
    main.o(i.SystemClock_Config) refers to stm32l4xx_hal_pwr_ex.o(i.HAL_PWREx_ControlVoltageScaling) for HAL_PWREx_ControlVoltageScaling
    main.o(i.main) refers to stm32l4xx_hal.o(i.HAL_Init) for HAL_Init
    main.o(i.main) refers to main.o(i.SystemClock_Config) for SystemClock_Config
    main.o(i.main) refers to main.o(i.MX_DMA_Init) for MX_DMA_Init
    main.o(i.main) refers to main.o(i.MX_GPIO_Init) for MX_GPIO_Init
    main.o(i.main) refers to main.o(i.MX_ADC1_Init) for MX_ADC1_Init
    main.o(i.main) refers to main.o(i.MX_SPI1_Init) for MX_SPI1_Init
    main.o(i.main) refers to main.o(i.MX_USART1_UART_Init) for MX_USART1_UART_Init
    main.o(i.main) refers to usb_device.o(i.MX_USB_DEVICE_Init) for MX_USB_DEVICE_Init
    main.o(i.main) refers to stm32l4xx_hal_adc_ex.o(i.HAL_ADCEx_Calibration_Start) for HAL_ADCEx_Calibration_Start
    main.o(i.main) refers to stm32l4xx_hal_adc.o(i.HAL_ADC_Start_DMA) for HAL_ADC_Start_DMA
    main.o(i.main) refers to usbd_customhid.o(i.USBD_CUSTOM_HID_SendReport) for USBD_CUSTOM_HID_SendReport
[...]
    i.ADC_DMAError                           0x080004dc   Section        0  stm32l4xx_hal_adc.o(i.ADC_DMAError)
    i.ADC_DMAHalfConvCplt                    0x080004fa   Section        0  stm32l4xx_hal_adc.o(i.ADC_DMAHalfConvCplt)
    i.ADC_Disable                            0x08000508   Section        0  stm32l4xx_hal_adc.o(i.ADC_Disable)
    i.ADC_Enable                             0x08000590   Section        0  stm32l4xx_hal_adc.o(i.ADC_Enable)
    i.BusFault_Handler                       0x08000608   Section        0  stm32l4xx_it.o(i.BusFault_Handler)
    i.CUSTOM_HID_DeInit_FS                   0x0800060c   Section        0  usbd_custom_hid_if.o(i.CUSTOM_HID_DeInit_FS)
    CUSTOM_HID_DeInit_FS                     0x0800060d   Thumb Code     4  usbd_custom_hid_if.o(i.CUSTOM_HID_DeInit_FS)
    i.CUSTOM_HID_Init_FS                     0x08000610   Section        0  usbd_custom_hid_if.o(i.CUSTOM_HID_Init_FS)
    CUSTOM_HID_Init_FS                       0x08000611   Thumb Code     4  usbd_custom_hid_if.o(i.CUSTOM_HID_Init_FS)
    i.CUSTOM_HID_OutEvent_FS                 0x08000614   Section        0  usbd_custom_hid_if.o(i.CUSTOM_HID_OutEvent_FS)
    CUSTOM_HID_OutEvent_FS                   0x08000615   Thumb Code    78  usbd_custom_hid_if.o(i.CUSTOM_HID_OutEvent_FS)
    i.DMA1_Channel1_IRQHandler               0x0800066c   Section        0  stm32l4xx_it.o(i.DMA1_Channel1_IRQHandler)
    i.DMA_SetConfig                          0x0800067c   Section        0  stm32l4xx_hal_dma.o(i.DMA_SetConfig)
    DMA_SetConfig                            0x0800067d   Thumb Code    48  stm32l4xx_hal_dma.o(i.DMA_SetConfig)
    i.DebugMon_Handler                       0x080006ac   Section        0  stm32l4xx_it.o(i.DebugMon_Handler)
    i.Error_Handler                          0x080006ae   Section        0  main.o(i.Error_Handler)
    i.Get_SerialNum                          0x080006b0   Section        0  usbd_desc.o(i.Get_SerialNum)
    Get_SerialNum                            0x080006b1   Thumb Code    42  usbd_desc.o(i.Get_SerialNum)
    i.HAL_ADCEx_Calibration_Start            0x080006e4   Section        0  stm32l4xx_hal_adc_ex.o(i.HAL_ADCEx_Calibration_Start)
    i.HAL_ADC_ConfigChannel                  0x08000790   Section        0  stm32l4xx_hal_adc.o(i.HAL_ADC_ConfigChannel)
    i.HAL_ADC_ConvCpltCallback               0x08000c64   Section        0  main.o(i.HAL_ADC_ConvCpltCallback)
    i.HAL_ADC_ConvHalfCpltCallback           0x08000ce0   Section        0  stm32l4xx_hal_adc.o(i.HAL_ADC_ConvHalfCpltCallback)
    i.HAL_ADC_ErrorCallback                  0x08000ce2   Section        0  stm32l4xx_hal_adc.o(i.HAL_ADC_ErrorCallback)
    i.HAL_ADC_Init                           0x08000ce4   Section        0  stm32l4xx_hal_adc.o(i.HAL_ADC_Init)
    i.HAL_ADC_MspInit                        0x08000ee0   Section        0  stm32l4xx_hal_msp.o(i.HAL_ADC_MspInit)
    i.HAL_ADC_Start_DMA                      0x08000fc4   Section        0  stm32l4xx_hal_adc.o(i.HAL_ADC_Start_DMA)
    i.HAL_ADC_Stop_DMA                       0x08001090   Section        0  stm32l4xx_hal_adc.o(i.HAL_ADC_Stop_DMA)
    i.HAL_DMA_Abort                          0x08001118   Section        0  stm32l4xx_hal_dma.o(i.HAL_DMA_Abort)
    i.HAL_DMA_IRQHandler                     0x08001172   Section        0  stm32l4xx_hal_dma.o(i.HAL_DMA_IRQHandler)
    i.HAL_DMA_Init                           0x08001270   Section        0  stm32l4xx_hal_dma.o(i.HAL_DMA_Init)
    i.HAL_DMA_Start_IT                       0x0800137c   Section        0  stm32l4xx_hal_dma.o(i.HAL_DMA_Start_IT)
    i.HAL_GPIO_Init                          0x08001418   Section        0  stm32l4xx_hal_gpio.o(i.HAL_GPIO_Init)
    i.HAL_GPIO_TogglePin                     0x080015c4   Section        0  stm32l4xx_hal_gpio.o(i.HAL_GPIO_TogglePin)
    i.HAL_GPIO_WritePin                      0x080015d2   Section        0  stm32l4xx_hal_gpio.o(i.HAL_GPIO_WritePin)
    i.HAL_GetTick                            0x080015dc   Section        0  stm32l4xx_hal.o(i.HAL_GetTick)
    i.HAL_IncTick                            0x080015e8   Section        0  stm32l4xx_hal.o(i.HAL_IncTick)
    i.HAL_Init                               0x08001600   Section        0  stm32l4xx_hal.o(i.HAL_Init)
    i.HAL_InitTick                           0x08001620   Section        0  stm32l4xx_hal.o(i.HAL_InitTick)
    i.HAL_MspInit                            0x08001678   Section        0  stm32l4xx_hal_msp.o(i.HAL_MspInit)
    i.HAL_NVIC_EnableIRQ                     0x080016b8   Section        0  stm32l4xx_hal_cortex.o(i.HAL_NVIC_EnableIRQ)
    i.HAL_NVIC_SetPriority                   0x080016d8   Section        0  stm32l4xx_hal_cortex.o(i.HAL_NVIC_SetPriority)
    i.HAL_NVIC_SetPriorityGrouping           0x0800175c   Section        0  stm32l4xx_hal_cortex.o(i.HAL_NVIC_SetPriorityGrouping)
    i.HAL_PCDEx_ActivateLPM                  0x08001784   Section        0  stm32l4xx_hal_pcd_ex.o(i.HAL_PCDEx_ActivateLPM)
    i.HAL_PCDEx_LPM_Callback                 0x080017ac   Section        0  stm32l4xx_hal_pcd_ex.o(i.HAL_PCDEx_LPM_Callback)
    i.HAL_PCDEx_PMAConfig                    0x080017ae   Section        0  stm32l4xx_hal_pcd_ex.o(i.HAL_PCDEx_PMAConfig)
    i.HAL_PCD_DataInStageCallback            0x080017ea   Section        0  usbd_conf.o(i.HAL_PCD_DataInStageCallback)
    i.HAL_PCD_DataOutStageCallback           0x08001806   Section        0  usbd_conf.o(i.HAL_PCD_DataOutStageCallback)
    i.HAL_PCD_EP_Close                       0x08001822   Section        0  stm32l4xx_hal_pcd.o(i.HAL_PCD_EP_Close)
    i.HAL_PCD_EP_ClrStall                    0x08001884   Section        0  stm32l4xx_hal_pcd.o(i.HAL_PCD_EP_ClrStall)
    i.HAL_PCD_EP_Open                        0x080018f8   Section        0  stm32l4xx_hal_pcd.o(i.HAL_PCD_EP_Open)
    i.HAL_PCD_EP_Receive                     0x0800197c   Section        0  stm32l4xx_hal_pcd.o(i.HAL_PCD_EP_Receive)
    i.HAL_PCD_EP_SetStall                    0x080019c4   Section        0  stm32l4xx_hal_pcd.o(i.HAL_PCD_EP_SetStall)
    i.HAL_PCD_EP_Transmit                    0x08001a44   Section        0  stm32l4xx_hal_pcd.o(i.HAL_PCD_EP_Transmit)
    i.HAL_PCD_IRQHandler                     0x08001a8e   Section        0  stm32l4xx_hal_pcd.o(i.HAL_PCD_IRQHandler)
    i.HAL_PCD_Init                           0x08001c7a   Section        0  stm32l4xx_hal_pcd.o(i.HAL_PCD_Init)
    i.HAL_PCD_MspInit                        0x08001db4   Section        0  usbd_conf.o(i.HAL_PCD_MspInit)
    i.HAL_PCD_ResetCallback                  0x08001df8   Section        0  usbd_conf.o(i.HAL_PCD_ResetCallback)
    i.HAL_PCD_ResumeCallback                 0x08001e1c   Section        0  usbd_conf.o(i.HAL_PCD_ResumeCallback)
    i.HAL_PCD_SOFCallback                    0x08001e44   Section        0  usbd_conf.o(i.HAL_PCD_SOFCallback)
    i.HAL_PCD_SetAddress                     0x08001e52   Section        0  stm32l4xx_hal_pcd.o(i.HAL_PCD_SetAddress)
    i.HAL_PCD_SetupStageCallback             0x08001e88   Section        0  usbd_conf.o(i.HAL_PCD_SetupStageCallback)
    i.HAL_PCD_Start                          0x08001e9a   Section        0  stm32l4xx_hal_pcd.o(i.HAL_PCD_Start)
    i.HAL_PCD_SuspendCallback                0x08001ed0   Section        0  usbd_conf.o(i.HAL_PCD_SuspendCallback)
    i.HAL_PWREx_ControlVoltageScaling        0x08001ef4   Section        0  stm32l4xx_hal_pwr_ex.o(i.HAL_PWREx_ControlVoltageScaling)
    i.HAL_PWREx_EnableVddUSB                 0x08001f80   Section        0  stm32l4xx_hal_pwr_ex.o(i.HAL_PWREx_EnableVddUSB)
    i.HAL_PWREx_GetVoltageRange              0x08001f94   Section        0  stm32l4xx_hal_pwr_ex.o(i.HAL_PWREx_GetVoltageRange)
    i.HAL_RCCEx_PeriphCLKConfig              0x08001fa4   Section        0  stm32l4xx_hal_rcc_ex.o(i.HAL_RCCEx_PeriphCLKConfig)
    i.HAL_RCC_ClockConfig                    0x080022f0   Section        0  stm32l4xx_hal_rcc.o(i.HAL_RCC_ClockConfig)
    i.HAL_RCC_GetHCLKFreq                    0x0800246c   Section        0  stm32l4xx_hal_rcc.o(i.HAL_RCC_GetHCLKFreq)
    i.HAL_RCC_GetPCLK1Freq                   0x08002478   Section        0  stm32l4xx_hal_rcc.o(i.HAL_RCC_GetPCLK1Freq)
    i.HAL_RCC_GetPCLK2Freq                   0x0800249c   Section        0  stm32l4xx_hal_rcc.o(i.HAL_RCC_GetPCLK2Freq)
    i.HAL_RCC_GetSysClockFreq                0x080024c0   Section        0  stm32l4xx_hal_rcc.o(i.HAL_RCC_GetSysClockFreq)
    i.HAL_RCC_OscConfig                      0x080025ac   Section        0  stm32l4xx_hal_rcc.o(i.HAL_RCC_OscConfig)
    i.HAL_SPI_Init                           0x08002cb0   Section        0  stm32l4xx_hal_spi.o(i.HAL_SPI_Init)
    i.HAL_SPI_MspInit                        0x08002d70   Section        0  stm32l4xx_hal_msp.o(i.HAL_SPI_MspInit)
    i.HAL_SYSTICK_Config                     0x08002de8   Section        0  stm32l4xx_hal_cortex.o(i.HAL_SYSTICK_Config)
    i.HAL_UART_Init                          0x08002e1c   Section        0  stm32l4xx_hal_uart.o(i.HAL_UART_Init)
    i.HAL_UART_MspInit                       0x08002e90   Section        0  stm32l4xx_hal_msp.o(i.HAL_UART_MspInit)
    i.HardFault_Handler                      0x08002f08   Section        0  stm32l4xx_it.o(i.HardFault_Handler)
    i.IntToUnicode                           0x08002f0c   Section        0  usbd_desc.o(i.IntToUnicode)
    IntToUnicode                             0x08002f0d   Thumb Code    62  usbd_desc.o(i.IntToUnicode)
    i.LL_ADC_Enable                          0x08002f4c   Section        0  stm32l4xx_hal_adc.o(i.LL_ADC_Enable)
    LL_ADC_Enable                            0x08002f4d   Thumb Code    12  stm32l4xx_hal_adc.o(i.LL_ADC_Enable)
    i.LL_ADC_GetOffsetChannel                0x08002f5c   Section        0  stm32l4xx_hal_adc.o(i.LL_ADC_GetOffsetChannel)
    LL_ADC_GetOffsetChannel                  0x08002f5d   Thumb Code    18  stm32l4xx_hal_adc.o(i.LL_ADC_GetOffsetChannel)
    i.LL_ADC_INJ_IsConversionOngoing         0x08002f6e   Section        0  stm32l4xx_hal_adc.o(i.LL_ADC_INJ_IsConversionOngoing)
    LL_ADC_INJ_IsConversionOngoing           0x08002f6f   Thumb Code    10  stm32l4xx_hal_adc.o(i.LL_ADC_INJ_IsConversionOngoing)
    i.LL_ADC_IsDisableOngoing                0x08002f78   Section        0  stm32l4xx_hal_adc.o(i.LL_ADC_IsDisableOngoing)
    LL_ADC_IsDisableOngoing                  0x08002f79   Thumb Code    10  stm32l4xx_hal_adc.o(i.LL_ADC_IsDisableOngoing)
    i.LL_ADC_IsEnabled                       0x08002f82   Section        0  stm32l4xx_hal_adc.o(i.LL_ADC_IsEnabled)
    LL_ADC_IsEnabled                         0x08002f83   Thumb Code    10  stm32l4xx_hal_adc.o(i.LL_ADC_IsEnabled)
    i.LL_ADC_IsInternalRegulatorEnabled      0x08002f8c   Section        0  stm32l4xx_hal_adc.o(i.LL_ADC_IsInternalRegulatorEnabled)
    LL_ADC_IsInternalRegulatorEnabled        0x08002f8d   Thumb Code    10  stm32l4xx_hal_adc.o(i.LL_ADC_IsInternalRegulatorEnabled)
    i.LL_ADC_REG_IsConversionOngoing         0x08002f96   Section        0  stm32l4xx_hal_adc.o(i.LL_ADC_REG_IsConversionOngoing)
    LL_ADC_REG_IsConversionOngoing           0x08002f97   Thumb Code    10  stm32l4xx_hal_adc.o(i.LL_ADC_REG_IsConversionOngoing)
    i.LL_ADC_REG_IsTriggerSourceSWStart      0x08002fa0   Section        0  stm32l4xx_hal_adc.o(i.LL_ADC_REG_IsTriggerSourceSWStart)
    LL_ADC_REG_IsTriggerSourceSWStart        0x08002fa1   Thumb Code    18  stm32l4xx_hal_adc.o(i.LL_ADC_REG_IsTriggerSourceSWStart)
    i.LL_ADC_REG_StartConversion             0x08002fb4   Section        0  stm32l4xx_hal_adc.o(i.LL_ADC_REG_StartConversion)
    LL_ADC_REG_StartConversion               0x08002fb5   Thumb Code    12  stm32l4xx_hal_adc.o(i.LL_ADC_REG_StartConversion)
    i.LL_ADC_SetChannelSamplingTime          0x08002fc4   Section        0  stm32l4xx_hal_adc.o(i.LL_ADC_SetChannelSamplingTime)
    LL_ADC_SetChannelSamplingTime            0x08002fc5   Thumb Code    40  stm32l4xx_hal_adc.o(i.LL_ADC_SetChannelSamplingTime)
    i.LL_ADC_SetCommonPathInternalCh         0x08002fec   Section        0  stm32l4xx_hal_adc.o(i.LL_ADC_SetCommonPathInternalCh)
    LL_ADC_SetCommonPathInternalCh           0x08002fed   Thumb Code    12  stm32l4xx_hal_adc.o(i.LL_ADC_SetCommonPathInternalCh)
    i.LL_ADC_SetOffsetState                  0x08002ff8   Section        0  stm32l4xx_hal_adc.o(i.LL_ADC_SetOffsetState)
    LL_ADC_SetOffsetState                    0x08002ff9   Thumb Code    22  stm32l4xx_hal_adc.o(i.LL_ADC_SetOffsetState)
    i.MX_ADC1_Init                           0x08003010   Section        0  main.o(i.MX_ADC1_Init)
    MX_ADC1_Init                             0x08003011   Thumb Code   242  main.o(i.MX_ADC1_Init)
    i.MX_DMA_Init                            0x08003124   Section        0  main.o(i.MX_DMA_Init)
    MX_DMA_Init                              0x08003125   Thumb Code    48  main.o(i.MX_DMA_Init)
    i.MX_GPIO_Init                           0x08003158   Section        0  main.o(i.MX_GPIO_Init)
    MX_GPIO_Init                             0x08003159   Thumb Code   262  main.o(i.MX_GPIO_Init)
    i.MX_SPI1_Init                           0x08003270   Section        0  main.o(i.MX_SPI1_Init)
    MX_SPI1_Init                             0x08003271   Thumb Code    72  main.o(i.MX_SPI1_Init)
    i.MX_USART1_UART_Init                    0x080032c0   Section        0  main.o(i.MX_USART1_UART_Init)
    MX_USART1_UART_Init                      0x080032c1   Thumb Code    58  main.o(i.MX_USART1_UART_Init)
    i.MX_USB_DEVICE_Init                     0x08003304   Section        0  usb_device.o(i.MX_USB_DEVICE_Init)
    i.MemManage_Handler                      0x08003350   Section        0  stm32l4xx_it.o(i.MemManage_Handler)
    i.NMI_Handler                            0x08003354   Section        0  stm32l4xx_it.o(i.NMI_Handler)
    i.PCD_EP_ISR_Handler                     0x08003356   Section        0  stm32l4xx_hal_pcd.o(i.PCD_EP_ISR_Handler)
    PCD_EP_ISR_Handler                       0x08003357   Thumb Code   896  stm32l4xx_hal_pcd.o(i.PCD_EP_ISR_Handler)
    i.PendSV_Handler                         0x080036d6   Section        0  stm32l4xx_it.o(i.PendSV_Handler)
    i.RCCEx_PLLSAI1_Config                   0x080036d8   Section        0  stm32l4xx_hal_rcc_ex.o(i.RCCEx_PLLSAI1_Config)
    RCCEx_PLLSAI1_Config                     0x080036d9   Thumb Code   376  stm32l4xx_hal_rcc_ex.o(i.RCCEx_PLLSAI1_Config)
    i.RCC_SetFlashLatencyFromMSIRange        0x08003860   Section        0  stm32l4xx_hal_rcc.o(i.RCC_SetFlashLatencyFromMSIRange)
    RCC_SetFlashLatencyFromMSIRange          0x08003861   Thumb Code   148  stm32l4xx_hal_rcc.o(i.RCC_SetFlashLatencyFromMSIRange)
    i.SVC_Handler                            0x080038fc   Section        0  stm32l4xx_it.o(i.SVC_Handler)
    i.SysTick_Handler                        0x08003900   Section        0  stm32l4xx_it.o(i.SysTick_Handler)
    i.SystemClockConfig_Resume               0x08003914   Section        0  usbd_conf.o(i.SystemClockConfig_Resume)
    SystemClockConfig_Resume                 0x08003915   Thumb Code     8  usbd_conf.o(i.SystemClockConfig_Resume)
    i.SystemClock_Config                     0x0800391c   Section        0  main.o(i.SystemClock_Config)
    i.SystemInit                             0x080039d4   Section        0  system_stm32l4xx.o(i.SystemInit)
    i.UART_AdvFeatureConfig                  0x08003a24   Section        0  stm32l4xx_hal_uart.o(i.UART_AdvFeatureConfig)
    i.UART_CheckIdleState                    0x08003b1c   Section        0  stm32l4xx_hal_uart.o(i.UART_CheckIdleState)
    i.UART_SetConfig                         0x08003b8c   Section        0  stm32l4xx_hal_uart.o(i.UART_SetConfig)
    i.UART_WaitOnFlagUntilTimeout            0x08003f5e   Section        0  stm32l4xx_hal_uart.o(i.UART_WaitOnFlagUntilTimeout)
    i.USBD_CUSTOM_HID_DataIn                 0x08003fc6   Section        0  usbd_customhid.o(i.USBD_CUSTOM_HID_DataIn)
    USBD_CUSTOM_HID_DataIn                   0x08003fc7   Thumb Code    14  usbd_customhid.o(i.USBD_CUSTOM_HID_DataIn)
    i.USBD_CUSTOM_HID_DataOut                0x08003fd4   Section        0  usbd_customhid.o(i.USBD_CUSTOM_HID_DataOut)
    USBD_CUSTOM_HID_DataOut                  0x08003fd5   Thumb Code    38  usbd_customhid.o(i.USBD_CUSTOM_HID_DataOut)
    i.USBD_CUSTOM_HID_DeInit                 0x08003ffa   Section        0  usbd_customhid.o(i.USBD_CUSTOM_HID_DeInit)
    USBD_CUSTOM_HID_DeInit                   0x08003ffb   Thumb Code    64  usbd_customhid.o(i.USBD_CUSTOM_HID_DeInit)
    i.USBD_CUSTOM_HID_EP0_RxReady            0x0800403a   Section        0  usbd_customhid.o(i.USBD_CUSTOM_HID_EP0_RxReady)
    USBD_CUSTOM_HID_EP0_RxReady              0x0800403b   Thumb Code    34  usbd_customhid.o(i.USBD_CUSTOM_HID_EP0_RxReady)
    i.USBD_CUSTOM_HID_GetDeviceQualifierDesc 0x0800405c   Section        0  usbd_customhid.o(i.USBD_CUSTOM_HID_GetDeviceQualifierDesc)
    USBD_CUSTOM_HID_GetDeviceQualifierDesc   0x0800405d   Thumb Code    10  usbd_customhid.o(i.USBD_CUSTOM_HID_GetDeviceQualifierDesc)
    i.USBD_CUSTOM_HID_GetFSCfgDesc           0x0800406c   Section        0  usbd_customhid.o(i.USBD_CUSTOM_HID_GetFSCfgDesc)
    USBD_CUSTOM_HID_GetFSCfgDesc             0x0800406d   Thumb Code    10  usbd_customhid.o(i.USBD_CUSTOM_HID_GetFSCfgDesc)
    i.USBD_CUSTOM_HID_GetHSCfgDesc           0x0800407c   Section        0  usbd_customhid.o(i.USBD_CUSTOM_HID_GetHSCfgDesc)
    USBD_CUSTOM_HID_GetHSCfgDesc             0x0800407d   Thumb Code    10  usbd_customhid.o(i.USBD_CUSTOM_HID_GetHSCfgDesc)
    i.USBD_CUSTOM_HID_GetOtherSpeedCfgDesc   0x0800408c   Section        0  usbd_customhid.o(i.USBD_CUSTOM_HID_GetOtherSpeedCfgDesc)
    USBD_CUSTOM_HID_GetOtherSpeedCfgDesc     0x0800408d   Thumb Code    10  usbd_customhid.o(i.USBD_CUSTOM_HID_GetOtherSpeedCfgDesc)
    i.USBD_CUSTOM_HID_Init                   0x0800409c   Section        0  usbd_customhid.o(i.USBD_CUSTOM_HID_Init)
    USBD_CUSTOM_HID_Init                     0x0800409d   Thumb Code    98  usbd_customhid.o(i.USBD_CUSTOM_HID_Init)
    i.USBD_CUSTOM_HID_RegisterInterface      0x080040fe   Section        0  usbd_customhid.o(i.USBD_CUSTOM_HID_RegisterInterface)
    i.USBD_CUSTOM_HID_SendReport             0x0800410c   Section        0  usbd_customhid.o(i.USBD_CUSTOM_HID_SendReport)
    i.USBD_CUSTOM_HID_Setup                  0x08004148   Section        0  usbd_customhid.o(i.USBD_CUSTOM_HID_Setup)
    USBD_CUSTOM_HID_Setup                    0x08004149   Thumb Code   366  usbd_customhid.o(i.USBD_CUSTOM_HID_Setup)
    i.USBD_ClrClassConfig                    0x080042bc   Section        0  usbd_core.o(i.USBD_ClrClassConfig)
    i.USBD_ClrFeature                        0x080042d2   Section        0  usbd_ctlreq.o(i.USBD_ClrFeature)
    USBD_ClrFeature                          0x080042d3   Thumb Code    62  usbd_ctlreq.o(i.USBD_ClrFeature)
    i.USBD_CtlContinueRx                     0x08004310   Section        0  usbd_ioreq.o(i.USBD_CtlContinueRx)
    i.USBD_CtlContinueSendData               0x08004328   Section        0  usbd_ioreq.o(i.USBD_CtlContinueSendData)
    i.USBD_CtlError                          0x08004340   Section        0  usbd_ctlreq.o(i.USBD_CtlError)
    i.USBD_CtlPrepareRx                      0x08004358   Section        0  usbd_ioreq.o(i.USBD_CtlPrepareRx)
    i.USBD_CtlReceiveStatus                  0x08004380   Section        0  usbd_ioreq.o(i.USBD_CtlReceiveStatus)
    i.USBD_CtlSendData                       0x0800439a   Section        0  usbd_ioreq.o(i.USBD_CtlSendData)
    i.USBD_CtlSendStatus                     0x080043bc   Section        0  usbd_ioreq.o(i.USBD_CtlSendStatus)
    i.USBD_FS_ConfigStrDescriptor            0x080043d8   Section        0  usbd_desc.o(i.USBD_FS_ConfigStrDescriptor)
    i.USBD_FS_DeviceDescriptor               0x08004414   Section        0  usbd_desc.o(i.USBD_FS_DeviceDescriptor)
    i.USBD_FS_InterfaceStrDescriptor         0x08004424   Section        0  usbd_desc.o(i.USBD_FS_InterfaceStrDescriptor)
    i.USBD_FS_LangIDStrDescriptor            0x08004464   Section        0  usbd_desc.o(i.USBD_FS_LangIDStrDescriptor)
    i.USBD_FS_ManufacturerStrDescriptor      0x08004474   Section        0  usbd_desc.o(i.USBD_FS_ManufacturerStrDescriptor)
    i.USBD_FS_ProductStrDescriptor           0x080044a0   Section        0  usbd_desc.o(i.USBD_FS_ProductStrDescriptor)
    i.USBD_FS_SerialStrDescriptor            0x080044e8   Section        0  usbd_desc.o(i.USBD_FS_SerialStrDescriptor)
    i.USBD_GetConfig                         0x08004500   Section        0  usbd_ctlreq.o(i.USBD_GetConfig)
    USBD_GetConfig                           0x08004501   Thumb Code    86  usbd_ctlreq.o(i.USBD_GetConfig)
    i.USBD_GetDescriptor                     0x08004556   Section        0  usbd_ctlreq.o(i.USBD_GetDescriptor)
    USBD_GetDescriptor                       0x08004557   Thumb Code   338  usbd_ctlreq.o(i.USBD_GetDescriptor)
    i.USBD_GetLen                            0x080046a8   Section        0  usbd_ctlreq.o(i.USBD_GetLen)
    USBD_GetLen                              0x080046a9   Thumb Code    20  usbd_ctlreq.o(i.USBD_GetLen)
    i.USBD_GetStatus                         0x080046bc   Section        0  usbd_ctlreq.o(i.USBD_GetStatus)
    USBD_GetStatus                           0x080046bd   Thumb Code    90  usbd_ctlreq.o(i.USBD_GetStatus)
    i.USBD_GetString                         0x08004716   Section        0  usbd_ctlreq.o(i.USBD_GetString)
    i.USBD_Init                              0x08004768   Section        0  usbd_core.o(i.USBD_Init)
    i.USBD_LL_ClearStallEP                   0x0800479a   Section        0  usbd_conf.o(i.USBD_LL_ClearStallEP)
    i.USBD_LL_CloseEP                        0x080047de   Section        0  usbd_conf.o(i.USBD_LL_CloseEP)
    i.USBD_LL_DataInStage                    0x08004822   Section        0  usbd_core.o(i.USBD_LL_DataInStage)
    i.USBD_LL_DataOutStage                   0x08004922   Section        0  usbd_core.o(i.USBD_LL_DataOutStage)
    i.USBD_LL_Init                           0x080049c8   Section        0  usbd_conf.o(i.USBD_LL_Init)
    i.USBD_LL_IsStallEP                      0x08004a44   Section        0  usbd_conf.o(i.USBD_LL_IsStallEP)
    i.USBD_LL_OpenEP                         0x08004a74   Section        0  usbd_conf.o(i.USBD_LL_OpenEP)
    i.USBD_LL_PrepareReceive                 0x08004ad6   Section        0  usbd_conf.o(i.USBD_LL_PrepareReceive)
    i.USBD_LL_Reset                          0x08004b38   Section        0  usbd_core.o(i.USBD_LL_Reset)
    i.USBD_LL_Resume                         0x08004b94   Section        0  usbd_core.o(i.USBD_LL_Resume)
    i.USBD_LL_SOF                            0x08004ba2   Section        0  usbd_core.o(i.USBD_LL_SOF)
    i.USBD_LL_SetSpeed                       0x08004bc4   Section        0  usbd_core.o(i.USBD_LL_SetSpeed)
    i.USBD_LL_SetUSBAddress                  0x08004bcc   Section        0  usbd_conf.o(i.USBD_LL_SetUSBAddress)
    i.USBD_LL_SetupStage                     0x08004c10   Section        0  usbd_core.o(i.USBD_LL_SetupStage)
    i.USBD_LL_StallEP                        0x08004c7e   Section        0  usbd_conf.o(i.USBD_LL_StallEP)
    i.USBD_LL_Start                          0x08004cc2   Section        0  usbd_conf.o(i.USBD_LL_Start)
    i.USBD_LL_Suspend                        0x08004cfe   Section        0  usbd_core.o(i.USBD_LL_Suspend)
    i.USBD_LL_Transmit                       0x08004d12   Section        0  usbd_conf.o(i.USBD_LL_Transmit)
    i.USBD_ParseSetupRequest                 0x08004d74   Section        0  usbd_ctlreq.o(i.USBD_ParseSetupRequest)
    i.USBD_RegisterClass                     0x08004d9c   Section        0  usbd_core.o(i.USBD_RegisterClass)
    i.USBD_RunTestMode                       0x08004dac   Section        0  usbd_core.o(i.USBD_RunTestMode)
    i.USBD_SetAddress                        0x08004db2   Section        0  usbd_ctlreq.o(i.USBD_SetAddress)
    USBD_SetAddress                          0x08004db3   Thumb Code    90  usbd_ctlreq.o(i.USBD_SetAddress)
    i.USBD_SetClassConfig                    0x08004e0c   Section        0  usbd_core.o(i.USBD_SetClassConfig)
    i.USBD_SetConfig                         0x08004e30   Section        0  usbd_ctlreq.o(i.USBD_SetConfig)
    USBD_SetConfig                           0x08004e31   Thumb Code   228  usbd_ctlreq.o(i.USBD_SetConfig)
    i.USBD_SetFeature                        0x08004f18   Section        0  usbd_ctlreq.o(i.USBD_SetFeature)
    USBD_SetFeature                          0x08004f19   Thumb Code    24  usbd_ctlreq.o(i.USBD_SetFeature)
    i.USBD_Start                             0x08004f30   Section        0  usbd_core.o(i.USBD_Start)
    i.USBD_StdDevReq                         0x08004f3e   Section        0  usbd_ctlreq.o(i.USBD_StdDevReq)
    i.USBD_StdEPReq                          0x08004fe0   Section        0  usbd_ctlreq.o(i.USBD_StdEPReq)
    i.USBD_StdItfReq                         0x08005218   Section        0  usbd_ctlreq.o(i.USBD_StdItfReq)
    i.USBD_static_free                       0x08005296   Section        0  usbd_conf.o(i.USBD_static_free)
    i.USBD_static_malloc                     0x08005298   Section        0  usbd_conf.o(i.USBD_static_malloc)
    i.USB_ActivateEndpoint                   0x080052a4   Section        0  stm32l4xx_ll_usb.o(i.USB_ActivateEndpoint)
    i.USB_CoreInit                           0x0800572a   Section        0  stm32l4xx_ll_usb.o(i.USB_CoreInit)
    i.USB_DeactivateEndpoint                 0x08005732   Section        0  stm32l4xx_ll_usb.o(i.USB_DeactivateEndpoint)
    i.USB_DevConnect                         0x080059ae   Section        0  stm32l4xx_ll_usb.o(i.USB_DevConnect)
    i.USB_DevDisconnect                      0x080059c0   Section        0  stm32l4xx_ll_usb.o(i.USB_DevDisconnect)
    i.USB_DevInit                            0x080059d2   Section        0  stm32l4xx_ll_usb.o(i.USB_DevInit)
    i.USB_DisableGlobalInt                   0x080059f0   Section        0  stm32l4xx_ll_usb.o(i.USB_DisableGlobalInt)
    i.USB_EP0_OutStart                       0x08005a04   Section        0  stm32l4xx_ll_usb.o(i.USB_EP0_OutStart)
    i.USB_EPClearStall                       0x08005a0a   Section        0  stm32l4xx_ll_usb.o(i.USB_EPClearStall)
    i.USB_EPSetStall                         0x08005ae4   Section        0  stm32l4xx_ll_usb.o(i.USB_EPSetStall)
    i.USB_EPStartXfer                        0x08005b40   Section        0  stm32l4xx_ll_usb.o(i.USB_EPStartXfer)
    i.USB_EnableGlobalInt                    0x08005f54   Section        0  stm32l4xx_ll_usb.o(i.USB_EnableGlobalInt)
    i.USB_IRQHandler                         0x08005f68   Section        0  stm32l4xx_it.o(i.USB_IRQHandler)
    i.USB_ReadInterrupts                     0x08005f78   Section        0  stm32l4xx_ll_usb.o(i.USB_ReadInterrupts)
    i.USB_ReadPMA                            0x08005f80   Section        0  stm32l4xx_ll_usb.o(i.USB_ReadPMA)
    i.USB_SetCurrentMode                     0x08005fc6   Section        0  stm32l4xx_ll_usb.o(i.USB_SetCurrentMode)
    i.USB_SetDevAddress                      0x08005fcc   Section        0  stm32l4xx_ll_usb.o(i.USB_SetDevAddress)
    i.USB_WritePMA                           0x08005fda   Section        0  stm32l4xx_ll_usb.o(i.USB_WritePMA)
    i.UsageFault_Handler                     0x0800601a   Section        0  stm32l4xx_it.o(i.UsageFault_Handler)
    i.__NVIC_GetPriorityGrouping             0x08006020   Section        0  stm32l4xx_hal_cortex.o(i.__NVIC_GetPriorityGrouping)
    __NVIC_GetPriorityGrouping               0x08006021   Thumb Code    10  stm32l4xx_hal_cortex.o(i.__NVIC_GetPriorityGrouping)
    i.__NVIC_SetPriority                     0x08006030   Section        0  stm32l4xx_hal_cortex.o(i.__NVIC_SetPriority)
    __NVIC_SetPriority                       0x08006031   Thumb Code    32  stm32l4xx_hal_cortex.o(i.__NVIC_SetPriority)
    i.__scatterload_copy                     0x08006058   Section       14  handlers.o(i.__scatterload_copy)
    i.__scatterload_null                     0x08006066   Section        2  handlers.o(i.__scatterload_null)
    i.__scatterload_zeroinit                 0x08006068   Section       14  handlers.o(i.__scatterload_zeroinit)
    i.main                                   0x08006078   Section        0  main.o(i.main)
    .constdata                               0x0800628c   Section       72  system_stm32l4xx.o(.constdata)
    .data                                    0x20000000   Section       44  main.o(.data)
    .data                                    0x2000002c   Section       78  usbd_desc.o(.data)
    .data                                    0x2000007c   Section      128  usbd_custom_hid_if.o(.data)
    CUSTOM_HID_ReportDesc_FS                 0x2000007c   Data         108  usbd_custom_hid_if.o(.data)
    .data                                    0x200000fc   Section        4  stm32l4xx_it.o(.data)
    .data                                    0x20000100   Section       12  stm32l4xx_hal.o(.data)
    .data                                    0x2000010c   Section        4  system_stm32l4xx.o(.data)
    .data                                    0x20000110   Section        1  usbd_ctlreq.o(.data)
    cfgidx                                   0x20000110   Data           1  usbd_ctlreq.o(.data)
    .data                                    0x20000114   Section      210  usbd_customhid.o(.data)
    USBD_CUSTOM_HID_CfgFSDesc                0x2000014c   Data          41  usbd_customhid.o(.data)
    USBD_CUSTOM_HID_CfgHSDesc                0x20000178   Data          41  usbd_customhid.o(.data)
    USBD_CUSTOM_HID_OtherSpeedCfgDesc        0x200001a4   Data          41  usbd_customhid.o(.data)
    USBD_CUSTOM_HID_Desc                     0x200001d0   Data           9  usbd_customhid.o(.data)
    USBD_CUSTOM_HID_DeviceQualifierDesc      0x200001dc   Data          10  usbd_customhid.o(.data)
    .bss                                     0x200001e8   Section      633  main.o(.bss)
    .bss                                     0x20000464   Section      668  usb_device.o(.bss)
    .bss                                     0x20000700   Section      716  usbd_conf.o(.bss)
    mem                                      0x20000974   Data          88  usbd_conf.o(.bss)
    .bss                                     0x200009cc   Section      512  usbd_desc.o(.bss)
    STACK                                    0x20000bd0   Section     1024  startup_stm32l442xx.o(STACK)

    Global Symbols

    Symbol Name                              Value     Ov Type        Size  Object(Section)

    BuildAttributes$$THM_ISAv4$E$P$D$K$B$S$7EM$VFPi3$EXTD16$VFPS$VFMA$PE$A:L22UL41UL21$X:L11$S22US41US21$IEEE1$IW$USESV6$~STKCKD$USESV7$~SHL$OSPACE$EBA8$MICROLIB$REQ8$PRES8$EABIv2 0x00000000   Number         0  anon$$obj.o ABSOLUTE
    __ARM_use_no_argv                        0x00000000   Number         0  main.o ABSOLUTE
    __cpp_initialize__aeabi_                  - Undefined Weak Reference
    __cxa_finalize                            - Undefined Weak Reference
    _clock_init                               - Undefined Weak Reference
    _microlib_exit                            - Undefined Weak Reference
    __Vectors_Size                           0x0000018c   Number         0  startup_stm32l442xx.o ABSOLUTE
    __Vectors                                0x08000000   Data           4  startup_stm32l442xx.o(RESET)
    __Vectors_End                            0x0800018c   Data           0  startup_stm32l442xx.o(RESET)
    __main                                   0x0800018d   Thumb Code     0  entry.o(.ARM.Collect$$$$00000000)
    _main_stk                                0x0800018d   Thumb Code     0  entry2.o(.ARM.Collect$$$$00000001)
    _main_scatterload                        0x08000191   Thumb Code     0  entry5.o(.ARM.Collect$$$$00000004)
    __main_after_scatterload                 0x08000195   Thumb Code     0  entry5.o(.ARM.Collect$$$$00000004)
    _main_clock                              0x08000195   Thumb Code     0  entry7b.o(.ARM.Collect$$$$00000008)
    _main_cpp_init                           0x08000195   Thumb Code     0  entry8b.o(.ARM.Collect$$$$0000000A)
    _main_init                               0x08000195   Thumb Code     0  entry9a.o(.ARM.Collect$$$$0000000B)
    __rt_final_cpp                           0x0800019d   Thumb Code     0  entry10a.o(.ARM.Collect$$$$0000000D)
    __rt_final_exit                          0x0800019d   Thumb Code     0  entry11a.o(.ARM.Collect$$$$0000000F)
    Reset_Handler                            0x080001a1   Thumb Code     8  startup_stm32l442xx.o(.text)
    ADC1_IRQHandler                          0x080001bb   Thumb Code     0  startup_stm32l442xx.o(.text)
    AES_IRQHandler                           0x080001bb   Thumb Code     0  startup_stm32l442xx.o(.text)
    CAN1_RX0_IRQHandler                      0x080001bb   Thumb Code     0  startup_stm32l442xx.o(.text)
    CAN1_RX1_IRQHandler                      0x080001bb   Thumb Code     0  startup_stm32l442xx.o(.text)
    CAN1_SCE_IRQHandler                      0x080001bb   Thumb Code     0  startup_stm32l442xx.o(.text)
    CAN1_TX_IRQHandler                       0x080001bb   Thumb Code     0  startup_stm32l442xx.o(.text)
    COMP_IRQHandler                          0x080001bb   Thumb Code     0  startup_stm32l442xx.o(.text)
    CRS_IRQHandler                           0x080001bb   Thumb Code     0  startup_stm32l442xx.o(.text)
    DMA1_Channel2_IRQHandler                 0x080001bb   Thumb Code     0  startup_stm32l442xx.o(.text)
    DMA1_Channel3_IRQHandler                 0x080001bb   Thumb Code     0  startup_stm32l442xx.o(.text)
    DMA1_Channel4_IRQHandler                 0x080001bb   Thumb Code     0  startup_stm32l442xx.o(.text)
    DMA1_Channel5_IRQHandler                 0x080001bb   Thumb Code     0  startup_stm32l442xx.o(.text)
    DMA1_Channel6_IRQHandler                 0x080001bb   Thumb Code     0  startup_stm32l442xx.o(.text)
    DMA1_Channel7_IRQHandler                 0x080001bb   Thumb Code     0  startup_stm32l442xx.o(.text)
    DMA2_Channel1_IRQHandler                 0x080001bb   Thumb Code     0  startup_stm32l442xx.o(.text)
    DMA2_Channel2_IRQHandler                 0x080001bb   Thumb Code     0  startup_stm32l442xx.o(.text)
    DMA2_Channel3_IRQHandler                 0x080001bb   Thumb Code     0  startup_stm32l442xx.o(.text)
    DMA2_Channel4_IRQHandler                 0x080001bb   Thumb Code     0  startup_stm32l442xx.o(.text)
    DMA2_Channel5_IRQHandler                 0x080001bb   Thumb Code     0  startup_stm32l442xx.o(.text)
    DMA2_Channel6_IRQHandler                 0x080001bb   Thumb Code     0  startup_stm32l442xx.o(.text)
    DMA2_Channel7_IRQHandler                 0x080001bb   Thumb Code     0  startup_stm32l442xx.o(.text)
    EXTI0_IRQHandler                         0x080001bb   Thumb Code     0  startup_stm32l442xx.o(.text)
    EXTI15_10_IRQHandler                     0x080001bb   Thumb Code     0  startup_stm32l442xx.o(.text)
    EXTI1_IRQHandler                         0x080001bb   Thumb Code     0  startup_stm32l442xx.o(.text)
    EXTI2_IRQHandler                         0x080001bb   Thumb Code     0  startup_stm32l442xx.o(.text)
    EXTI3_IRQHandler                         0x080001bb   Thumb Code     0  startup_stm32l442xx.o(.text)
    EXTI4_IRQHandler                         0x080001bb   Thumb Code     0  startup_stm32l442xx.o(.text)
    EXTI9_5_IRQHandler                       0x080001bb   Thumb Code     0  startup_stm32l442xx.o(.text)
    FLASH_IRQHandler                         0x080001bb   Thumb Code     0  startup_stm32l442xx.o(.text)
    FPU_IRQHandler                           0x080001bb   Thumb Code     0  startup_stm32l442xx.o(.text)
    I2C1_ER_IRQHandler                       0x080001bb   Thumb Code     0  startup_stm32l442xx.o(.text)
    I2C1_EV_IRQHandler                       0x080001bb   Thumb Code     0  startup_stm32l442xx.o(.text)
    I2C3_ER_IRQHandler                       0x080001bb   Thumb Code     0  startup_stm32l442xx.o(.text)
    I2C3_EV_IRQHandler                       0x080001bb   Thumb Code     0  startup_stm32l442xx.o(.text)
    LPTIM1_IRQHandler                        0x080001bb   Thumb Code     0  startup_stm32l442xx.o(.text)
    LPTIM2_IRQHandler                        0x080001bb   Thumb Code     0  startup_stm32l442xx.o(.text)
    LPUART1_IRQHandler                       0x080001bb   Thumb Code     0  startup_stm32l442xx.o(.text)
    PVD_PVM_IRQHandler                       0x080001bb   Thumb Code     0  startup_stm32l442xx.o(.text)
    QUADSPI_IRQHandler                       0x080001bb   Thumb Code     0  startup_stm32l442xx.o(.text)
    RCC_IRQHandler                           0x080001bb   Thumb Code     0  startup_stm32l442xx.o(.text)
    RNG_IRQHandler                           0x080001bb   Thumb Code     0  startup_stm32l442xx.o(.text)
    RTC_Alarm_IRQHandler                     0x080001bb   Thumb Code     0  startup_stm32l442xx.o(.text)
    RTC_WKUP_IRQHandler                      0x080001bb   Thumb Code     0  startup_stm32l442xx.o(.text)
    SAI1_IRQHandler                          0x080001bb   Thumb Code     0  startup_stm32l442xx.o(.text)
    SPI1_IRQHandler                          0x080001bb   Thumb Code     0  startup_stm32l442xx.o(.text)
    SPI3_IRQHandler                          0x080001bb   Thumb Code     0  startup_stm32l442xx.o(.text)
    SWPMI1_IRQHandler                        0x080001bb   Thumb Code     0  startup_stm32l442xx.o(.text)
    TAMP_STAMP_IRQHandler                    0x080001bb   Thumb Code     0  startup_stm32l442xx.o(.text)
    TIM1_BRK_TIM15_IRQHandler                0x080001bb   Thumb Code     0  startup_stm32l442xx.o(.text)
    TIM1_CC_IRQHandler                       0x080001bb   Thumb Code     0  startup_stm32l442xx.o(.text)
    TIM1_TRG_COM_IRQHandler                  0x080001bb   Thumb Code     0  startup_stm32l442xx.o(.text)
    TIM1_UP_TIM16_IRQHandler                 0x080001bb   Thumb Code     0  startup_stm32l442xx.o(.text)
    TIM2_IRQHandler                          0x080001bb   Thumb Code     0  startup_stm32l442xx.o(.text)
    TIM6_DAC_IRQHandler                      0x080001bb   Thumb Code     0  startup_stm32l442xx.o(.text)
    TIM7_IRQHandler                          0x080001bb   Thumb Code     0  startup_stm32l442xx.o(.text)
    TSC_IRQHandler                           0x080001bb   Thumb Code     0  startup_stm32l442xx.o(.text)
    USART1_IRQHandler                        0x080001bb   Thumb Code     0  startup_stm32l442xx.o(.text)
    USART2_IRQHandler                        0x080001bb   Thumb Code     0  startup_stm32l442xx.o(.text)
    WWDG_IRQHandler                          0x080001bb   Thumb Code     0  startup_stm32l442xx.o(.text)
    __aeabi_uldivmod                         0x080001c5   Thumb Code    98  uldiv.o(.text)
    __aeabi_memcpy                           0x0800022d   Thumb Code    36  memcpya.o(.text)
    __aeabi_memcpy4                          0x0800022d   Thumb Code     0  memcpya.o(.text)
    __aeabi_memcpy8                          0x0800022d   Thumb Code     0  memcpya.o(.text)
    __aeabi_memset                           0x08000251   Thumb Code    14  memseta.o(.text)
    __aeabi_memset4                          0x08000251   Thumb Code     0  memseta.o(.text)
    __aeabi_memset8                          0x08000251   Thumb Code     0  memseta.o(.text)
    __aeabi_memclr                           0x0800025f   Thumb Code     4  memseta.o(.text)
    __aeabi_memclr4                          0x0800025f   Thumb Code     0  memseta.o(.text)
    __aeabi_memclr8                          0x0800025f   Thumb Code     0  memseta.o(.text)
    _memset$wrapper                          0x08000263   Thumb Code    18  memseta.o(.text)
    __aeabi_llsl                             0x08000275   Thumb Code    30  llshl.o(.text)
    _ll_shift_l                              0x08000275   Thumb Code     0  llshl.o(.text)
    __aeabi_llsr                             0x08000293   Thumb Code    32  llushr.o(.text)
    _ll_ushift_r                             0x08000293   Thumb Code     0  llushr.o(.text)
    __scatterload                            0x080002b5   Thumb Code    28  init.o(.text)
    __scatterload_rt2                        0x080002b5   Thumb Code     0  init.o(.text)
    __decompress                             0x080002d9   Thumb Code     0  __dczerorl2.o(.text)
    __decompress1                            0x080002d9   Thumb Code    86  __dczerorl2.o(.text)
    ADC_ConversionStop                       0x08000331   Thumb Code   268  stm32l4xx_hal_adc.o(i.ADC_ConversionStop)
    ADC_DMAConvCplt                          0x0800044b   Thumb Code   146  stm32l4xx_hal_adc.o(i.ADC_DMAConvCplt)
    ADC_DMAError                             0x080004dd   Thumb Code    30  stm32l4xx_hal_adc.o(i.ADC_DMAError)
    ADC_DMAHalfConvCplt                      0x080004fb   Thumb Code    14  stm32l4xx_hal_adc.o(i.ADC_DMAHalfConvCplt)
    ADC_Disable                              0x08000509   Thumb Code   132  stm32l4xx_hal_adc.o(i.ADC_Disable)
    ADC_Enable                               0x08000591   Thumb Code   116  stm32l4xx_hal_adc.o(i.ADC_Enable)
    BusFault_Handler                         0x08000609   Thumb Code     4  stm32l4xx_it.o(i.BusFault_Handler)
    DMA1_Channel1_IRQHandler                 0x0800066d   Thumb Code    10  stm32l4xx_it.o(i.DMA1_Channel1_IRQHandler)
    DebugMon_Handler                         0x080006ad   Thumb Code     2  stm32l4xx_it.o(i.DebugMon_Handler)
    Error_Handler                            0x080006af   Thumb Code     2  main.o(i.Error_Handler)
    HAL_ADCEx_Calibration_Start              0x080006e5   Thumb Code   166  stm32l4xx_hal_adc_ex.o(i.HAL_ADCEx_Calibration_Start)
    HAL_ADC_ConfigChannel                    0x08000791   Thumb Code  1204  stm32l4xx_hal_adc.o(i.HAL_ADC_ConfigChannel)
    HAL_ADC_ConvCpltCallback                 0x08000c65   Thumb Code   100  main.o(i.HAL_ADC_ConvCpltCallback)
    HAL_ADC_ConvHalfCpltCallback             0x08000ce1   Thumb Code     2  stm32l4xx_hal_adc.o(i.HAL_ADC_ConvHalfCpltCallback)
    HAL_ADC_ErrorCallback                    0x08000ce3   Thumb Code     2  stm32l4xx_hal_adc.o(i.HAL_ADC_ErrorCallback)
    HAL_ADC_Init                             0x08000ce5   Thumb Code   480  stm32l4xx_hal_adc.o(i.HAL_ADC_Init)
    HAL_ADC_MspInit                          0x08000ee1   Thumb Code   206  stm32l4xx_hal_msp.o(i.HAL_ADC_MspInit)
    HAL_ADC_Start_DMA                        0x08000fc5   Thumb Code   192  stm32l4xx_hal_adc.o(i.HAL_ADC_Start_DMA)
    HAL_ADC_Stop_DMA                         0x08001091   Thumb Code   136  stm32l4xx_hal_adc.o(i.HAL_ADC_Stop_DMA)
    HAL_DMA_Abort                            0x08001119   Thumb Code    90  stm32l4xx_hal_dma.o(i.HAL_DMA_Abort)
    HAL_DMA_IRQHandler                       0x08001173   Thumb Code   254  stm32l4xx_hal_dma.o(i.HAL_DMA_IRQHandler)
    HAL_DMA_Init                             0x08001271   Thumb Code   258  stm32l4xx_hal_dma.o(i.HAL_DMA_Init)
    HAL_DMA_Start_IT                         0x0800137d   Thumb Code   156  stm32l4xx_hal_dma.o(i.HAL_DMA_Start_IT)
    HAL_GPIO_Init                            0x08001419   Thumb Code   408  stm32l4xx_hal_gpio.o(i.HAL_GPIO_Init)
    HAL_GPIO_TogglePin                       0x080015c5   Thumb Code    14  stm32l4xx_hal_gpio.o(i.HAL_GPIO_TogglePin)
    HAL_GPIO_WritePin                        0x080015d3   Thumb Code    10  stm32l4xx_hal_gpio.o(i.HAL_GPIO_WritePin)
    HAL_GetTick                              0x080015dd   Thumb Code     6  stm32l4xx_hal.o(i.HAL_GetTick)
    HAL_IncTick                              0x080015e9   Thumb Code    16  stm32l4xx_hal.o(i.HAL_IncTick)
    HAL_Init                                 0x08001601   Thumb Code    30  stm32l4xx_hal.o(i.HAL_Init)
    HAL_InitTick                             0x08001621   Thumb Code    74  stm32l4xx_hal.o(i.HAL_InitTick)
    HAL_MspInit                              0x08001679   Thumb Code    58  stm32l4xx_hal_msp.o(i.HAL_MspInit)
    HAL_NVIC_EnableIRQ                       0x080016b9   Thumb Code    32  stm32l4xx_hal_cortex.o(i.HAL_NVIC_EnableIRQ)
    HAL_NVIC_SetPriority                     0x080016d9   Thumb Code   124  stm32l4xx_hal_cortex.o(i.HAL_NVIC_SetPriority)
    HAL_NVIC_SetPriorityGrouping             0x0800175d   Thumb Code    32  stm32l4xx_hal_cortex.o(i.HAL_NVIC_SetPriorityGrouping)
    HAL_PCDEx_ActivateLPM                    0x08001785   Thumb Code    40  stm32l4xx_hal_pcd_ex.o(i.HAL_PCDEx_ActivateLPM)
    HAL_PCDEx_LPM_Callback                   0x080017ad   Thumb Code     2  stm32l4xx_hal_pcd_ex.o(i.HAL_PCDEx_LPM_Callback)
    HAL_PCDEx_PMAConfig                      0x080017af   Thumb Code    60  stm32l4xx_hal_pcd_ex.o(i.HAL_PCDEx_PMAConfig)
    HAL_PCD_DataInStageCallback              0x080017eb   Thumb Code    28  usbd_conf.o(i.HAL_PCD_DataInStageCallback)
    HAL_PCD_DataOutStageCallback             0x08001807   Thumb Code    28  usbd_conf.o(i.HAL_PCD_DataOutStageCallback)
    HAL_PCD_EP_Close                         0x08001823   Thumb Code    98  stm32l4xx_hal_pcd.o(i.HAL_PCD_EP_Close)
    HAL_PCD_EP_ClrStall                      0x08001885   Thumb Code   116  stm32l4xx_hal_pcd.o(i.HAL_PCD_EP_ClrStall)
    HAL_PCD_EP_Open                          0x080018f9   Thumb Code   132  stm32l4xx_hal_pcd.o(i.HAL_PCD_EP_Open)
    HAL_PCD_EP_Receive                       0x0800197d   Thumb Code    72  stm32l4xx_hal_pcd.o(i.HAL_PCD_EP_Receive)
    HAL_PCD_EP_SetStall                      0x080019c5   Thumb Code   128  stm32l4xx_hal_pcd.o(i.HAL_PCD_EP_SetStall)
    HAL_PCD_EP_Transmit                      0x08001a45   Thumb Code    74  stm32l4xx_hal_pcd.o(i.HAL_PCD_EP_Transmit)
    HAL_PCD_IRQHandler                       0x08001a8f   Thumb Code   492  stm32l4xx_hal_pcd.o(i.HAL_PCD_IRQHandler)
    HAL_PCD_Init                             0x08001c7b   Thumb Code   314  stm32l4xx_hal_pcd.o(i.HAL_PCD_Init)
    HAL_PCD_MspInit                          0x08001db5   Thumb Code    58  usbd_conf.o(i.HAL_PCD_MspInit)
    HAL_PCD_ResetCallback                    0x08001df9   Thumb Code    36  usbd_conf.o(i.HAL_PCD_ResetCallback)
    HAL_PCD_ResumeCallback                   0x08001e1d   Thumb Code    34  usbd_conf.o(i.HAL_PCD_ResumeCallback)
    HAL_PCD_SOFCallback                      0x08001e45   Thumb Code    14  usbd_conf.o(i.HAL_PCD_SOFCallback)
    HAL_PCD_SetAddress                       0x08001e53   Thumb Code    54  stm32l4xx_hal_pcd.o(i.HAL_PCD_SetAddress)
    HAL_PCD_SetupStageCallback               0x08001e89   Thumb Code    18  usbd_conf.o(i.HAL_PCD_SetupStageCallback)
    HAL_PCD_Start                            0x08001e9b   Thumb Code    52  stm32l4xx_hal_pcd.o(i.HAL_PCD_Start)
    HAL_PCD_SuspendCallback                  0x08001ed1   Thumb Code    30  usbd_conf.o(i.HAL_PCD_SuspendCallback)
    HAL_PWREx_ControlVoltageScaling          0x08001ef5   Thumb Code   128  stm32l4xx_hal_pwr_ex.o(i.HAL_PWREx_ControlVoltageScaling)
    HAL_PWREx_EnableVddUSB                   0x08001f81   Thumb Code    14  stm32l4xx_hal_pwr_ex.o(i.HAL_PWREx_EnableVddUSB)
    HAL_PWREx_GetVoltageRange                0x08001f95   Thumb Code    10  stm32l4xx_hal_pwr_ex.o(i.HAL_PWREx_GetVoltageRange)
    HAL_RCCEx_PeriphCLKConfig                0x08001fa5   Thumb Code   834  stm32l4xx_hal_rcc_ex.o(i.HAL_RCCEx_PeriphCLKConfig)
    HAL_RCC_ClockConfig                      0x080022f1   Thumb Code   360  stm32l4xx_hal_rcc.o(i.HAL_RCC_ClockConfig)
    HAL_RCC_GetHCLKFreq                      0x0800246d   Thumb Code     6  stm32l4xx_hal_rcc.o(i.HAL_RCC_GetHCLKFreq)
    HAL_RCC_GetPCLK1Freq                     0x08002479   Thumb Code    26  stm32l4xx_hal_rcc.o(i.HAL_RCC_GetPCLK1Freq)
    HAL_RCC_GetPCLK2Freq                     0x0800249d   Thumb Code    26  stm32l4xx_hal_rcc.o(i.HAL_RCC_GetPCLK2Freq)
    HAL_RCC_GetSysClockFreq                  0x080024c1   Thumb Code   220  stm32l4xx_hal_rcc.o(i.HAL_RCC_GetSysClockFreq)
    HAL_RCC_OscConfig                        0x080025ad   Thumb Code  1778  stm32l4xx_hal_rcc.o(i.HAL_RCC_OscConfig)
    HAL_SPI_Init                             0x08002cb1   Thumb Code   192  stm32l4xx_hal_spi.o(i.HAL_SPI_Init)
    HAL_SPI_MspInit                          0x08002d71   Thumb Code   110  stm32l4xx_hal_msp.o(i.HAL_SPI_MspInit)
    HAL_SYSTICK_Config                       0x08002de9   Thumb Code    52  stm32l4xx_hal_cortex.o(i.HAL_SYSTICK_Config)
    HAL_UART_Init                            0x08002e1d   Thumb Code   116  stm32l4xx_hal_uart.o(i.HAL_UART_Init)
    HAL_UART_MspInit                         0x08002e91   Thumb Code   108  stm32l4xx_hal_msp.o(i.HAL_UART_MspInit)
    HardFault_Handler                        0x08002f09   Thumb Code     4  stm32l4xx_it.o(i.HardFault_Handler)
    MX_USB_DEVICE_Init                       0x08003305   Thumb Code    60  usb_device.o(i.MX_USB_DEVICE_Init)
    MemManage_Handler                        0x08003351   Thumb Code     4  stm32l4xx_it.o(i.MemManage_Handler)
    NMI_Handler                              0x08003355   Thumb Code     2  stm32l4xx_it.o(i.NMI_Handler)
    PendSV_Handler                           0x080036d7   Thumb Code     2  stm32l4xx_it.o(i.PendSV_Handler)
    SVC_Handler                              0x080038fd   Thumb Code     2  stm32l4xx_it.o(i.SVC_Handler)
    SysTick_Handler                          0x08003901   Thumb Code    14  stm32l4xx_it.o(i.SysTick_Handler)
    SystemClock_Config                       0x0800391d   Thumb Code   184  main.o(i.SystemClock_Config)
    SystemInit                               0x080039d5   Thumb Code    68  system_stm32l4xx.o(i.SystemInit)
    UART_AdvFeatureConfig                    0x08003a25   Thumb Code   248  stm32l4xx_hal_uart.o(i.UART_AdvFeatureConfig)
    UART_CheckIdleState                      0x08003b1d   Thumb Code   110  stm32l4xx_hal_uart.o(i.UART_CheckIdleState)
    UART_SetConfig                           0x08003b8d   Thumb Code   938  stm32l4xx_hal_uart.o(i.UART_SetConfig)
    UART_WaitOnFlagUntilTimeout              0x08003f5f   Thumb Code   104  stm32l4xx_hal_uart.o(i.UART_WaitOnFlagUntilTimeout)
    USBD_CUSTOM_HID_RegisterInterface        0x080040ff   Thumb Code    14  usbd_customhid.o(i.USBD_CUSTOM_HID_RegisterInterface)
    USBD_CUSTOM_HID_SendReport               0x0800410d   Thumb Code    58  usbd_customhid.o(i.USBD_CUSTOM_HID_SendReport)
    USBD_ClrClassConfig                      0x080042bd   Thumb Code    22  usbd_core.o(i.USBD_ClrClassConfig)
    USBD_CtlContinueRx                       0x08004311   Thumb Code    24  usbd_ioreq.o(i.USBD_CtlContinueRx)
    USBD_CtlContinueSendData                 0x08004329   Thumb Code    24  usbd_ioreq.o(i.USBD_CtlContinueSendData)
    USBD_CtlError                            0x08004341   Thumb Code    24  usbd_ctlreq.o(i.USBD_CtlError)
    USBD_CtlPrepareRx                        0x08004359   Thumb Code    40  usbd_ioreq.o(i.USBD_CtlPrepareRx)
    USBD_CtlReceiveStatus                    0x08004381   Thumb Code    26  usbd_ioreq.o(i.USBD_CtlReceiveStatus)
    USBD_CtlSendData                         0x0800439b   Thumb Code    34  usbd_ioreq.o(i.USBD_CtlSendData)
    USBD_CtlSendStatus                       0x080043bd   Thumb Code    26  usbd_ioreq.o(i.USBD_CtlSendStatus)
    USBD_FS_ConfigStrDescriptor              0x080043d9   Thumb Code    34  usbd_desc.o(i.USBD_FS_ConfigStrDescriptor)
    USBD_FS_DeviceDescriptor                 0x08004415   Thumb Code    10  usbd_desc.o(i.USBD_FS_DeviceDescriptor)
    USBD_FS_InterfaceStrDescriptor           0x08004425   Thumb Code    34  usbd_desc.o(i.USBD_FS_InterfaceStrDescriptor)
    USBD_FS_LangIDStrDescriptor              0x08004465   Thumb Code    10  usbd_desc.o(i.USBD_FS_LangIDStrDescriptor)
    USBD_FS_ManufacturerStrDescriptor        0x08004475   Thumb Code    20  usbd_desc.o(i.USBD_FS_ManufacturerStrDescriptor)
    USBD_FS_ProductStrDescriptor             0x080044a1   Thumb Code    34  usbd_desc.o(i.USBD_FS_ProductStrDescriptor)
    USBD_FS_SerialStrDescriptor              0x080044e9   Thumb Code    18  usbd_desc.o(i.USBD_FS_SerialStrDescriptor)
    USBD_GetString                           0x08004717   Thumb Code    82  usbd_ctlreq.o(i.USBD_GetString)
    USBD_Init                                0x08004769   Thumb Code    50  usbd_core.o(i.USBD_Init)
    USBD_LL_ClearStallEP                     0x0800479b   Thumb Code    68  usbd_conf.o(i.USBD_LL_ClearStallEP)
    USBD_LL_CloseEP                          0x080047df   Thumb Code    68  usbd_conf.o(i.USBD_LL_CloseEP)
    USBD_LL_DataInStage                      0x08004823   Thumb Code   256  usbd_core.o(i.USBD_LL_DataInStage)
    USBD_LL_DataOutStage                     0x08004923   Thumb Code   166  usbd_core.o(i.USBD_LL_DataOutStage)
    USBD_LL_Init                             0x080049c9   Thumb Code   116  usbd_conf.o(i.USBD_LL_Init)
    USBD_LL_IsStallEP                        0x08004a45   Thumb Code    48  usbd_conf.o(i.USBD_LL_IsStallEP)
    USBD_LL_OpenEP                           0x08004a75   Thumb Code    98  usbd_conf.o(i.USBD_LL_OpenEP)
    USBD_LL_PrepareReceive                   0x08004ad7   Thumb Code    98  usbd_conf.o(i.USBD_LL_PrepareReceive)
    USBD_LL_Reset                            0x08004b39   Thumb Code    92  usbd_core.o(i.USBD_LL_Reset)
    USBD_LL_Resume                           0x08004b95   Thumb Code    14  usbd_core.o(i.USBD_LL_Resume)
    USBD_LL_SOF                              0x08004ba3   Thumb Code    34  usbd_core.o(i.USBD_LL_SOF)
    USBD_LL_SetSpeed                         0x08004bc5   Thumb Code     8  usbd_core.o(i.USBD_LL_SetSpeed)
    USBD_LL_SetUSBAddress                    0x08004bcd   Thumb Code    68  usbd_conf.o(i.USBD_LL_SetUSBAddress)
    USBD_LL_SetupStage                       0x08004c11   Thumb Code   110  usbd_core.o(i.USBD_LL_SetupStage)
    USBD_LL_StallEP                          0x08004c7f   Thumb Code    68  usbd_conf.o(i.USBD_LL_StallEP)
    USBD_LL_Start                            0x08004cc3   Thumb Code    60  usbd_conf.o(i.USBD_LL_Start)
    USBD_LL_Suspend                          0x08004cff   Thumb Code    20  usbd_core.o(i.USBD_LL_Suspend)
    USBD_LL_Transmit                         0x08004d13   Thumb Code    98  usbd_conf.o(i.USBD_LL_Transmit)
    USBD_ParseSetupRequest                   0x08004d75   Thumb Code    40  usbd_ctlreq.o(i.USBD_ParseSetupRequest)
    USBD_RegisterClass                       0x08004d9d   Thumb Code    16  usbd_core.o(i.USBD_RegisterClass)
    USBD_RunTestMode                         0x08004dad   Thumb Code     6  usbd_core.o(i.USBD_RunTestMode)
    USBD_SetClassConfig                      0x08004e0d   Thumb Code    34  usbd_core.o(i.USBD_SetClassConfig)
    USBD_Start                               0x08004f31   Thumb Code    14  usbd_core.o(i.USBD_Start)
    USBD_StdDevReq                           0x08004f3f   Thumb Code   162  usbd_ctlreq.o(i.USBD_StdDevReq)
    USBD_StdEPReq                            0x08004fe1   Thumb Code   568  usbd_ctlreq.o(i.USBD_StdEPReq)
    USBD_StdItfReq                           0x08005219   Thumb Code   126  usbd_ctlreq.o(i.USBD_StdItfReq)
    USBD_static_free                         0x08005297   Thumb Code     2  usbd_conf.o(i.USBD_static_free)
    USBD_static_malloc                       0x08005299   Thumb Code     6  usbd_conf.o(i.USBD_static_malloc)
    USB_ActivateEndpoint                     0x080052a5   Thumb Code  1158  stm32l4xx_ll_usb.o(i.USB_ActivateEndpoint)
    USB_CoreInit                             0x0800572b   Thumb Code     8  stm32l4xx_ll_usb.o(i.USB_CoreInit)
    USB_DeactivateEndpoint                   0x08005733   Thumb Code   636  stm32l4xx_ll_usb.o(i.USB_DeactivateEndpoint)
    USB_DevConnect                           0x080059af   Thumb Code    18  stm32l4xx_ll_usb.o(i.USB_DevConnect)
    USB_DevDisconnect                        0x080059c1   Thumb Code    18  stm32l4xx_ll_usb.o(i.USB_DevDisconnect)
    USB_DevInit                              0x080059d3   Thumb Code    30  stm32l4xx_ll_usb.o(i.USB_DevInit)
    USB_DisableGlobalInt                     0x080059f1   Thumb Code    20  stm32l4xx_ll_usb.o(i.USB_DisableGlobalInt)
    USB_EP0_OutStart                         0x08005a05   Thumb Code     6  stm32l4xx_ll_usb.o(i.USB_EP0_OutStart)
    USB_EPClearStall                         0x08005a0b   Thumb Code   218  stm32l4xx_ll_usb.o(i.USB_EPClearStall)
    USB_EPSetStall                           0x08005ae5   Thumb Code    92  stm32l4xx_ll_usb.o(i.USB_EPSetStall)
    USB_EPStartXfer                          0x08005b41   Thumb Code  1044  stm32l4xx_ll_usb.o(i.USB_EPStartXfer)
    USB_EnableGlobalInt                      0x08005f55   Thumb Code    20  stm32l4xx_ll_usb.o(i.USB_EnableGlobalInt)
    USB_IRQHandler                           0x08005f69   Thumb Code    10  stm32l4xx_it.o(i.USB_IRQHandler)
    USB_ReadInterrupts                       0x08005f79   Thumb Code     8  stm32l4xx_ll_usb.o(i.USB_ReadInterrupts)
    USB_ReadPMA                              0x08005f81   Thumb Code    70  stm32l4xx_ll_usb.o(i.USB_ReadPMA)
    USB_SetCurrentMode                       0x08005fc7   Thumb Code     6  stm32l4xx_ll_usb.o(i.USB_SetCurrentMode)
    USB_SetDevAddress                        0x08005fcd   Thumb Code    14  stm32l4xx_ll_usb.o(i.USB_SetDevAddress)
    USB_WritePMA                             0x08005fdb   Thumb Code    64  stm32l4xx_ll_usb.o(i.USB_WritePMA)
    UsageFault_Handler                       0x0800601b   Thumb Code     4  stm32l4xx_it.o(i.UsageFault_Handler)
    __scatterload_copy                       0x08006059   Thumb Code    14  handlers.o(i.__scatterload_copy)
    __scatterload_null                       0x08006067   Thumb Code     2  handlers.o(i.__scatterload_null)
    __scatterload_zeroinit                   0x08006069   Thumb Code    14  handlers.o(i.__scatterload_zeroinit)
    main                                     0x08006079   Thumb Code   462  main.o(i.main)
    AHBPrescTable                            0x0800628c   Data          16  system_stm32l4xx.o(.constdata)
    APBPrescTable                            0x0800629c   Data           8  system_stm32l4xx.o(.constdata)
    MSIRangeTable                            0x080062a4   Data          48  system_stm32l4xx.o(.constdata)
    Region$$Table$$Base                      0x080062d4   Number         0  anon$$obj.o(Region$$Table)
    Region$$Table$$Limit                     0x080062f4   Number         0  anon$$obj.o(Region$$Table)
    i                                        0x20000000   Data           4  main.o(.data)
    k                                        0x20000004   Data           4  main.o(.data)
    j                                        0x20000008   Data           4  main.o(.data)
    l                                        0x2000000c   Data           4  main.o(.data)
    fff                                      0x20000010   Data           4  main.o(.data)
    zzz                                      0x20000014   Data           4  main.o(.data)
    adc_data_ready                           0x20000018   Data           2  main.o(.data)
    mean_counter                             0x2000001a   Data           2  main.o(.data)
    adc_counter                              0x2000001c   Data           2  main.o(.data)
    btn_stat                                 0x2000001e   Data           1  main.o(.data)
    Data_to_send_p                           0x20000020   Data           4  main.o(.data)
    p1                                       0x20000024   Data           4  main.o(.data)
    p                                        0x20000028   Data           4  main.o(.data)
    FS_Desc                                  0x2000002c   Data          28  usbd_desc.o(.data)
    USBD_FS_DeviceDesc                       0x20000048   Data          18  usbd_desc.o(.data)
    USBD_LangIDDesc                          0x2000005c   Data           4  usbd_desc.o(.data)
    USBD_StringSerial                        0x20000060   Data          26  usbd_desc.o(.data)
    dataToReceive                            0x200000e8   Data           4  usbd_custom_hid_if.o(.data)
    USBD_CustomHID_fops_FS                   0x200000ec   Data          16  usbd_custom_hid_if.o(.data)
    send_massage                             0x200000fc   Data           4  stm32l4xx_it.o(.data)
    uwTick                                   0x20000100   Data           4  stm32l4xx_hal.o(.data)
    uwTickPrio                               0x20000104   Data           4  stm32l4xx_hal.o(.data)
    uwTickFreq                               0x20000108   Data           4  stm32l4xx_hal.o(.data)
    SystemCoreClock                          0x2000010c   Data           4  system_stm32l4xx.o(.data)
    USBD_CUSTOM_HID                          0x20000114   Data          56  usbd_customhid.o(.data)
    adc                                      0x200001e8   Data          12  main.o(.bss)
    ADC1_value                               0x200001f4   Data          24  main.o(.bss)
    hadc1                                    0x2000020c   Data         100  main.o(.bss)
    hdma_adc1                                0x20000270   Data          72  main.o(.bss)
    hspi1                                    0x200002b8   Data         100  main.o(.bss)
    huart1                                   0x2000031c   Data         128  main.o(.bss)
    USB_HID_dataToSend                       0x2000039c   Data          65  main.o(.bss)
    Data_to_send                             0x200003e0   Data          64  main.o(.bss)
    dataToSend_TRND                          0x20000420   Data          65  main.o(.bss)
    hUsbDeviceFS                             0x20000464   Data         668  usb_device.o(.bss)
    hpcd_USB_FS                              0x20000700   Data         628  usbd_conf.o(.bss)
    USBD_StrDesc                             0x200009cc   Data         512  usbd_desc.o(.bss)
    __initial_sp                             0x20000fd0   Data           0  startup_stm32l442xx.o(STACK)



==============================================================================

Memory Map of the image

  Image Entry point : 0x0800018d

  Load Region LR_IROM1 (Base: 0x08000000, Size: 0x000064dc, Max: 0x00040000, ABSOLUTE, COMPRESSED[0x000063e4])

    Execution Region ER_IROM1 (Exec base: 0x08000000, Load base: 0x08000000, Size: 0x000062f4, Max: 0x00040000, ABSOLUTE)

    Exec Addr    Load Addr    Size         Type   Attr      Idx    E Section Name        Object

    0x08000000   0x08000000   0x0000018c   Data   RO            3    RESET               startup_stm32l442xx.o
    0x0800018c   0x0800018c   0x00000000   Code   RO         4894  * .ARM.Collect$$$$00000000  mc_w.l(entry.o)
    0x0800018c   0x0800018c   0x00000004   Code   RO         4905    .ARM.Collect$$$$00000001  mc_w.l(entry2.o)
    0x08000190   0x08000190   0x00000004   Code   RO         4908    .ARM.Collect$$$$00000004  mc_w.l(entry5.o)
    0x08000194   0x08000194   0x00000000   Code   RO         4910    .ARM.Collect$$$$00000008  mc_w.l(entry7b.o)
    0x08000194   0x08000194   0x00000000   Code   RO         4912    .ARM.Collect$$$$0000000A  mc_w.l(entry8b.o)
    0x08000194   0x08000194   0x00000008   Code   RO         4913    .ARM.Collect$$$$0000000B  mc_w.l(entry9a.o)
    0x0800019c   0x0800019c   0x00000000   Code   RO         4915    .ARM.Collect$$$$0000000D  mc_w.l(entry10a.o)
    0x0800019c   0x0800019c   0x00000000   Code   RO         4917    .ARM.Collect$$$$0000000F  mc_w.l(entry11a.o)
    0x0800019c   0x0800019c   0x00000004   Code   RO         4906    .ARM.Collect$$$$00002712  mc_w.l(entry2.o)
    0x080001a0   0x080001a0   0x00000024   Code   RO            4    .text               startup_stm32l442xx.o
    0x080001c4   0x080001c4   0x00000068   Code   RO         4897    .text               mc_w.l(uldiv.o)
    0x0800022c   0x0800022c   0x00000024   Code   RO         4899    .text               mc_w.l(memcpya.o)
    0x08000250   0x08000250   0x00000024   Code   RO         4901    .text               mc_w.l(memseta.o)
    0x08000274   0x08000274   0x0000001e   Code   RO         4919    .text               mc_w.l(llshl.o)
    0x08000292   0x08000292   0x00000020   Code   RO         4921    .text               mc_w.l(llushr.o)
    0x080002b2   0x080002b2   0x00000002   PAD
    0x080002b4   0x080002b4   0x00000024   Code   RO         4923    .text               mc_w.l(init.o)
    0x080002d8   0x080002d8   0x00000056   Code   RO         4933    .text               mc_w.l(__dczerorl2.o)
    0x0800032e   0x0800032e   0x00000002   PAD
    0x08000330   0x08000330   0x0000011a   Code   RO         1252    i.ADC_ConversionStop  stm32l4xx_hal_adc.o
    0x0800044a   0x0800044a   0x00000092   Code   RO         1253    i.ADC_DMAConvCplt   stm32l4xx_hal_adc.o
    0x080004dc   0x080004dc   0x0000001e   Code   RO         1254    i.ADC_DMAError      stm32l4xx_hal_adc.o
    0x080004fa   0x080004fa   0x0000000e   Code   RO         1255    i.ADC_DMAHalfConvCplt  stm32l4xx_hal_adc.o
    0x08000508   0x08000508   0x00000088   Code   RO         1256    i.ADC_Disable       stm32l4xx_hal_adc.o
    0x08000590   0x08000590   0x00000078   Code   RO         1257    i.ADC_Enable        stm32l4xx_hal_adc.o
    0x08000608   0x08000608   0x00000004   Code   RO          621    i.BusFault_Handler  stm32l4xx_it.o
    0x0800060c   0x0800060c   0x00000004   Code   RO          581    i.CUSTOM_HID_DeInit_FS  usbd_custom_hid_if.o
    0x08000610   0x08000610   0x00000004   Code   RO          582    i.CUSTOM_HID_Init_FS  usbd_custom_hid_if.o
    0x08000614   0x08000614   0x00000058   Code   RO          583    i.CUSTOM_HID_OutEvent_FS  usbd_custom_hid_if.o
    0x0800066c   0x0800066c   0x00000010   Code   RO          622    i.DMA1_Channel1_IRQHandler  stm32l4xx_it.o
    0x0800067c   0x0800067c   0x00000030   Code   RO         3826    i.DMA_SetConfig     stm32l4xx_hal_dma.o
    0x080006ac   0x080006ac   0x00000002   Code   RO          623    i.DebugMon_Handler  stm32l4xx_it.o
    0x080006ae   0x080006ae   0x00000002   Code   RO           13    i.Error_Handler     main.o
    0x080006b0   0x080006b0   0x00000034   Code   RO          491    i.Get_SerialNum     usbd_desc.o
    0x080006e4   0x080006e4   0x000000ac   Code   RO         1513    i.HAL_ADCEx_Calibration_Start  stm32l4xx_hal_adc_ex.o
    0x08000790   0x08000790   0x000004d2   Code   RO         1259    i.HAL_ADC_ConfigChannel  stm32l4xx_hal_adc.o
    0x08000c62   0x08000c62   0x00000002   PAD
    0x08000c64   0x08000c64   0x0000007c   Code   RO           14    i.HAL_ADC_ConvCpltCallback  main.o
    0x08000ce0   0x08000ce0   0x00000002   Code   RO         1261    i.HAL_ADC_ConvHalfCpltCallback  stm32l4xx_hal_adc.o
    0x08000ce2   0x08000ce2   0x00000002   Code   RO         1263    i.HAL_ADC_ErrorCallback  stm32l4xx_hal_adc.o
    0x08000ce4   0x08000ce4   0x000001fc   Code   RO         1268    i.HAL_ADC_Init      stm32l4xx_hal_adc.o
    0x08000ee0   0x08000ee0   0x000000e4   Code   RO          713    i.HAL_ADC_MspInit   stm32l4xx_hal_msp.o
    0x08000fc4   0x08000fc4   0x000000cc   Code   RO         1275    i.HAL_ADC_Start_DMA  stm32l4xx_hal_adc.o
    0x08001090   0x08001090   0x00000088   Code   RO         1278    i.HAL_ADC_Stop_DMA  stm32l4xx_hal_adc.o
    0x08001118   0x08001118   0x0000005a   Code   RO         3827    i.HAL_DMA_Abort     stm32l4xx_hal_dma.o
    0x08001172   0x08001172   0x000000fe   Code   RO         3832    i.HAL_DMA_IRQHandler  stm32l4xx_hal_dma.o
    0x08001270   0x08001270   0x0000010c   Code   RO         3833    i.HAL_DMA_Init      stm32l4xx_hal_dma.o
    0x0800137c   0x0800137c   0x0000009c   Code   RO         3837    i.HAL_DMA_Start_IT  stm32l4xx_hal_dma.o
    0x08001418   0x08001418   0x000001ac   Code   RO         3763    i.HAL_GPIO_Init     stm32l4xx_hal_gpio.o
    0x080015c4   0x080015c4   0x0000000e   Code   RO         3766    i.HAL_GPIO_TogglePin  stm32l4xx_hal_gpio.o
    0x080015d2   0x080015d2   0x0000000a   Code   RO         3767    i.HAL_GPIO_WritePin  stm32l4xx_hal_gpio.o
    0x080015dc   0x080015dc   0x0000000c   Code   RO         2539    i.HAL_GetTick       stm32l4xx_hal.o
    0x080015e8   0x080015e8   0x00000018   Code   RO         2545    i.HAL_IncTick       stm32l4xx_hal.o
    0x08001600   0x08001600   0x0000001e   Code   RO         2546    i.HAL_Init          stm32l4xx_hal.o
    0x0800161e   0x0800161e   0x00000002   PAD
    0x08001620   0x08001620   0x00000058   Code   RO         2547    i.HAL_InitTick      stm32l4xx_hal.o
    0x08001678   0x08001678   0x00000040   Code   RO          714    i.HAL_MspInit       stm32l4xx_hal_msp.o
    0x080016b8   0x080016b8   0x00000020   Code   RO         4274    i.HAL_NVIC_EnableIRQ  stm32l4xx_hal_cortex.o
    0x080016d8   0x080016d8   0x00000082   Code   RO         4280    i.HAL_NVIC_SetPriority  stm32l4xx_hal_cortex.o
    0x0800175a   0x0800175a   0x00000002   PAD
    0x0800175c   0x0800175c   0x00000028   Code   RO         4281    i.HAL_NVIC_SetPriorityGrouping  stm32l4xx_hal_cortex.o
    0x08001784   0x08001784   0x00000028   Code   RO          989    i.HAL_PCDEx_ActivateLPM  stm32l4xx_hal_pcd_ex.o
    0x080017ac   0x080017ac   0x00000002   Code   RO          994    i.HAL_PCDEx_LPM_Callback  stm32l4xx_hal_pcd_ex.o
    0x080017ae   0x080017ae   0x0000003c   Code   RO          995    i.HAL_PCDEx_PMAConfig  stm32l4xx_hal_pcd_ex.o
    0x080017ea   0x080017ea   0x0000001c   Code   RO          286    i.HAL_PCD_DataInStageCallback  usbd_conf.o
    0x08001806   0x08001806   0x0000001c   Code   RO          287    i.HAL_PCD_DataOutStageCallback  usbd_conf.o
    0x08001822   0x08001822   0x00000062   Code   RO          782    i.HAL_PCD_EP_Close  stm32l4xx_hal_pcd.o
    0x08001884   0x08001884   0x00000074   Code   RO          783    i.HAL_PCD_EP_ClrStall  stm32l4xx_hal_pcd.o
    0x080018f8   0x080018f8   0x00000084   Code   RO          786    i.HAL_PCD_EP_Open   stm32l4xx_hal_pcd.o
    0x0800197c   0x0800197c   0x00000048   Code   RO          787    i.HAL_PCD_EP_Receive  stm32l4xx_hal_pcd.o
    0x080019c4   0x080019c4   0x00000080   Code   RO          788    i.HAL_PCD_EP_SetStall  stm32l4xx_hal_pcd.o
    0x08001a44   0x08001a44   0x0000004a   Code   RO          789    i.HAL_PCD_EP_Transmit  stm32l4xx_hal_pcd.o
    0x08001a8e   0x08001a8e   0x000001ec   Code   RO          791    i.HAL_PCD_IRQHandler  stm32l4xx_hal_pcd.o
    0x08001c7a   0x08001c7a   0x0000013a   Code   RO          794    i.HAL_PCD_Init      stm32l4xx_hal_pcd.o
    0x08001db4   0x08001db4   0x00000044   Code   RO          292    i.HAL_PCD_MspInit   usbd_conf.o
    0x08001df8   0x08001df8   0x00000024   Code   RO          293    i.HAL_PCD_ResetCallback  usbd_conf.o
    0x08001e1c   0x08001e1c   0x00000028   Code   RO          294    i.HAL_PCD_ResumeCallback  usbd_conf.o
    0x08001e44   0x08001e44   0x0000000e   Code   RO          295    i.HAL_PCD_SOFCallback  usbd_conf.o
    0x08001e52   0x08001e52   0x00000036   Code   RO          800    i.HAL_PCD_SetAddress  stm32l4xx_hal_pcd.o
    0x08001e88   0x08001e88   0x00000012   Code   RO          296    i.HAL_PCD_SetupStageCallback  usbd_conf.o
    0x08001e9a   0x08001e9a   0x00000034   Code   RO          802    i.HAL_PCD_Start     stm32l4xx_hal_pcd.o
    0x08001ece   0x08001ece   0x00000002   PAD
    0x08001ed0   0x08001ed0   0x00000024   Code   RO          297    i.HAL_PCD_SuspendCallback  usbd_conf.o
    0x08001ef4   0x08001ef4   0x0000008c   Code   RO         4054    i.HAL_PWREx_ControlVoltageScaling  stm32l4xx_hal_pwr_ex.o
    0x08001f80   0x08001f80   0x00000014   Code   RO         4076    i.HAL_PWREx_EnableVddUSB  stm32l4xx_hal_pwr_ex.o
    0x08001f94   0x08001f94   0x00000010   Code   RO         4081    i.HAL_PWREx_GetVoltageRange  stm32l4xx_hal_pwr_ex.o
    0x08001fa4   0x08001fa4   0x0000034c   Code   RO         3366    i.HAL_RCCEx_PeriphCLKConfig  stm32l4xx_hal_rcc_ex.o
    0x080022f0   0x080022f0   0x0000017c   Code   RO         3244    i.HAL_RCC_ClockConfig  stm32l4xx_hal_rcc.o
    0x0800246c   0x0800246c   0x0000000c   Code   RO         3248    i.HAL_RCC_GetHCLKFreq  stm32l4xx_hal_rcc.o
    0x08002478   0x08002478   0x00000024   Code   RO         3250    i.HAL_RCC_GetPCLK1Freq  stm32l4xx_hal_rcc.o
    0x0800249c   0x0800249c   0x00000024   Code   RO         3251    i.HAL_RCC_GetPCLK2Freq  stm32l4xx_hal_rcc.o
    0x080024c0   0x080024c0   0x000000ec   Code   RO         3252    i.HAL_RCC_GetSysClockFreq  stm32l4xx_hal_rcc.o
    0x080025ac   0x080025ac   0x00000704   Code   RO         3255    i.HAL_RCC_OscConfig  stm32l4xx_hal_rcc.o
    0x08002cb0   0x08002cb0   0x000000c0   Code   RO         1720    i.HAL_SPI_Init      stm32l4xx_hal_spi.o
    0x08002d70   0x08002d70   0x00000078   Code   RO          716    i.HAL_SPI_MspInit   stm32l4xx_hal_msp.o
    0x08002de8   0x08002de8   0x00000034   Code   RO         4285    i.HAL_SYSTICK_Config  stm32l4xx_hal_cortex.o
    0x08002e1c   0x08002e1c   0x00000074   Code   RO         2122    i.HAL_UART_Init     stm32l4xx_hal_uart.o
    0x08002e90   0x08002e90   0x00000078   Code   RO          718    i.HAL_UART_MspInit  stm32l4xx_hal_msp.o
    0x08002f08   0x08002f08   0x00000004   Code   RO          624    i.HardFault_Handler  stm32l4xx_it.o
    0x08002f0c   0x08002f0c   0x0000003e   Code   RO          492    i.IntToUnicode      usbd_desc.o
    0x08002f4a   0x08002f4a   0x00000002   PAD
    0x08002f4c   0x08002f4c   0x00000010   Code   RO         1281    i.LL_ADC_Enable     stm32l4xx_hal_adc.o
    0x08002f5c   0x08002f5c   0x00000012   Code   RO         1282    i.LL_ADC_GetOffsetChannel  stm32l4xx_hal_adc.o
    0x08002f6e   0x08002f6e   0x0000000a   Code   RO         1283    i.LL_ADC_INJ_IsConversionOngoing  stm32l4xx_hal_adc.o
    0x08002f78   0x08002f78   0x0000000a   Code   RO         1284    i.LL_ADC_IsDisableOngoing  stm32l4xx_hal_adc.o
    0x08002f82   0x08002f82   0x0000000a   Code   RO         1285    i.LL_ADC_IsEnabled  stm32l4xx_hal_adc.o
    0x08002f8c   0x08002f8c   0x0000000a   Code   RO         1286    i.LL_ADC_IsInternalRegulatorEnabled  stm32l4xx_hal_adc.o
    0x08002f96   0x08002f96   0x0000000a   Code   RO         1287    i.LL_ADC_REG_IsConversionOngoing  stm32l4xx_hal_adc.o
    0x08002fa0   0x08002fa0   0x00000012   Code   RO         1288    i.LL_ADC_REG_IsTriggerSourceSWStart  stm32l4xx_hal_adc.o
    0x08002fb2   0x08002fb2   0x00000002   PAD
    0x08002fb4   0x08002fb4   0x00000010   Code   RO         1289    i.LL_ADC_REG_StartConversion  stm32l4xx_hal_adc.o
    0x08002fc4   0x08002fc4   0x00000028   Code   RO         1291    i.LL_ADC_SetChannelSamplingTime  stm32l4xx_hal_adc.o
    0x08002fec   0x08002fec   0x0000000c   Code   RO         1292    i.LL_ADC_SetCommonPathInternalCh  stm32l4xx_hal_adc.o
    0x08002ff8   0x08002ff8   0x00000016   Code   RO         1293    i.LL_ADC_SetOffsetState  stm32l4xx_hal_adc.o
    0x0800300e   0x0800300e   0x00000002   PAD
    0x08003010   0x08003010   0x00000114   Code   RO           15    i.MX_ADC1_Init      main.o
    0x08003124   0x08003124   0x00000034   Code   RO           16    i.MX_DMA_Init       main.o
    0x08003158   0x08003158   0x00000118   Code   RO           17    i.MX_GPIO_Init      main.o
    0x08003270   0x08003270   0x00000050   Code   RO           18    i.MX_SPI1_Init      main.o
    0x080032c0   0x080032c0   0x00000044   Code   RO           19    i.MX_USART1_UART_Init  main.o
    0x08003304   0x08003304   0x0000004c   Code   RO          233    i.MX_USB_DEVICE_Init  usb_device.o
    0x08003350   0x08003350   0x00000004   Code   RO          625    i.MemManage_Handler  stm32l4xx_it.o
    0x08003354   0x08003354   0x00000002   Code   RO          626    i.NMI_Handler       stm32l4xx_it.o
    0x08003356   0x08003356   0x00000380   Code   RO          805    i.PCD_EP_ISR_Handler  stm32l4xx_hal_pcd.o
    0x080036d6   0x080036d6   0x00000002   Code   RO          627    i.PendSV_Handler    stm32l4xx_it.o
    0x080036d8   0x080036d8   0x00000188   Code   RO         3370    i.RCCEx_PLLSAI1_Config  stm32l4xx_hal_rcc_ex.o
    0x08003860   0x08003860   0x0000009c   Code   RO         3256    i.RCC_SetFlashLatencyFromMSIRange  stm32l4xx_hal_rcc.o
    0x080038fc   0x080038fc   0x00000002   Code   RO          628    i.SVC_Handler       stm32l4xx_it.o
    0x080038fe   0x080038fe   0x00000002   PAD
    0x08003900   0x08003900   0x00000014   Code   RO          629    i.SysTick_Handler   stm32l4xx_it.o
    0x08003914   0x08003914   0x00000008   Code   RO          298    i.SystemClockConfig_Resume  usbd_conf.o
    0x0800391c   0x0800391c   0x000000b8   Code   RO           20    i.SystemClock_Config  main.o
    0x080039d4   0x080039d4   0x00000050   Code   RO         4482    i.SystemInit        system_stm32l4xx.o
    0x08003a24   0x08003a24   0x000000f8   Code   RO         2135    i.UART_AdvFeatureConfig  stm32l4xx_hal_uart.o
    0x08003b1c   0x08003b1c   0x0000006e   Code   RO         2136    i.UART_CheckIdleState  stm32l4xx_hal_uart.o
    0x08003b8a   0x08003b8a   0x00000002   PAD
    0x08003b8c   0x08003b8c   0x000003d2   Code   RO         2152    i.UART_SetConfig    stm32l4xx_hal_uart.o
    0x08003f5e   0x08003f5e   0x00000068   Code   RO         2155    i.UART_WaitOnFlagUntilTimeout  stm32l4xx_hal_uart.o
    0x08003fc6   0x08003fc6   0x0000000e   Code   RO         4811    i.USBD_CUSTOM_HID_DataIn  usbd_customhid.o
    0x08003fd4   0x08003fd4   0x00000026   Code   RO         4812    i.USBD_CUSTOM_HID_DataOut  usbd_customhid.o
    0x08003ffa   0x08003ffa   0x00000040   Code   RO         4813    i.USBD_CUSTOM_HID_DeInit  usbd_customhid.o
    0x0800403a   0x0800403a   0x00000022   Code   RO         4814    i.USBD_CUSTOM_HID_EP0_RxReady  usbd_customhid.o
    0x0800405c   0x0800405c   0x00000010   Code   RO         4815    i.USBD_CUSTOM_HID_GetDeviceQualifierDesc  usbd_customhid.o
    0x0800406c   0x0800406c   0x00000010   Code   RO         4816    i.USBD_CUSTOM_HID_GetFSCfgDesc  usbd_customhid.o
    0x0800407c   0x0800407c   0x00000010   Code   RO         4817    i.USBD_CUSTOM_HID_GetHSCfgDesc  usbd_customhid.o
    0x0800408c   0x0800408c   0x00000010   Code   RO         4818    i.USBD_CUSTOM_HID_GetOtherSpeedCfgDesc  usbd_customhid.o
    0x0800409c   0x0800409c   0x00000062   Code   RO         4819    i.USBD_CUSTOM_HID_Init  usbd_customhid.o
    0x080040fe   0x080040fe   0x0000000e   Code   RO         4820    i.USBD_CUSTOM_HID_RegisterInterface  usbd_customhid.o
    0x0800410c   0x0800410c   0x0000003a   Code   RO         4821    i.USBD_CUSTOM_HID_SendReport  usbd_customhid.o
    0x08004146   0x08004146   0x00000002   PAD
    0x08004148   0x08004148   0x00000174   Code   RO         4822    i.USBD_CUSTOM_HID_Setup  usbd_customhid.o
    0x080042bc   0x080042bc   0x00000016   Code   RO         4518    i.USBD_ClrClassConfig  usbd_core.o
    0x080042d2   0x080042d2   0x0000003e   Code   RO         4656    i.USBD_ClrFeature   usbd_ctlreq.o
    0x08004310   0x08004310   0x00000018   Code   RO         4751    i.USBD_CtlContinueRx  usbd_ioreq.o
    0x08004328   0x08004328   0x00000018   Code   RO         4752    i.USBD_CtlContinueSendData  usbd_ioreq.o
    0x08004340   0x08004340   0x00000018   Code   RO         4657    i.USBD_CtlError     usbd_ctlreq.o
    0x08004358   0x08004358   0x00000028   Code   RO         4753    i.USBD_CtlPrepareRx  usbd_ioreq.o
    0x08004380   0x08004380   0x0000001a   Code   RO         4754    i.USBD_CtlReceiveStatus  usbd_ioreq.o
    0x0800439a   0x0800439a   0x00000022   Code   RO         4755    i.USBD_CtlSendData  usbd_ioreq.o
    0x080043bc   0x080043bc   0x0000001a   Code   RO         4756    i.USBD_CtlSendStatus  usbd_ioreq.o
    0x080043d6   0x080043d6   0x00000002   PAD
    0x080043d8   0x080043d8   0x0000003c   Code   RO          493    i.USBD_FS_ConfigStrDescriptor  usbd_desc.o
    0x08004414   0x08004414   0x00000010   Code   RO          494    i.USBD_FS_DeviceDescriptor  usbd_desc.o
    0x08004424   0x08004424   0x00000040   Code   RO          495    i.USBD_FS_InterfaceStrDescriptor  usbd_desc.o
    0x08004464   0x08004464   0x00000010   Code   RO          496    i.USBD_FS_LangIDStrDescriptor  usbd_desc.o
    0x08004474   0x08004474   0x0000002c   Code   RO          497    i.USBD_FS_ManufacturerStrDescriptor  usbd_desc.o
    0x080044a0   0x080044a0   0x00000048   Code   RO          498    i.USBD_FS_ProductStrDescriptor  usbd_desc.o
    0x080044e8   0x080044e8   0x00000018   Code   RO          499    i.USBD_FS_SerialStrDescriptor  usbd_desc.o
    0x08004500   0x08004500   0x00000056   Code   RO         4658    i.USBD_GetConfig    usbd_ctlreq.o
    0x08004556   0x08004556   0x00000152   Code   RO         4659    i.USBD_GetDescriptor  usbd_ctlreq.o
    0x080046a8   0x080046a8   0x00000014   Code   RO         4660    i.USBD_GetLen       usbd_ctlreq.o
    0x080046bc   0x080046bc   0x0000005a   Code   RO         4661    i.USBD_GetStatus    usbd_ctlreq.o
    0x08004716   0x08004716   0x00000052   Code   RO         4662    i.USBD_GetString    usbd_ctlreq.o
    0x08004768   0x08004768   0x00000032   Code   RO         4520    i.USBD_Init         usbd_core.o
    0x0800479a   0x0800479a   0x00000044   Code   RO          299    i.USBD_LL_ClearStallEP  usbd_conf.o
    0x080047de   0x080047de   0x00000044   Code   RO          300    i.USBD_LL_CloseEP   usbd_conf.o
    0x08004822   0x08004822   0x00000100   Code   RO         4521    i.USBD_LL_DataInStage  usbd_core.o
    0x08004922   0x08004922   0x000000a6   Code   RO         4522    i.USBD_LL_DataOutStage  usbd_core.o
    0x080049c8   0x080049c8   0x0000007c   Code   RO          305    i.USBD_LL_Init      usbd_conf.o
    0x08004a44   0x08004a44   0x00000030   Code   RO          306    i.USBD_LL_IsStallEP  usbd_conf.o
    0x08004a74   0x08004a74   0x00000062   Code   RO          307    i.USBD_LL_OpenEP    usbd_conf.o
    0x08004ad6   0x08004ad6   0x00000062   Code   RO          308    i.USBD_LL_PrepareReceive  usbd_conf.o
    0x08004b38   0x08004b38   0x0000005c   Code   RO         4527    i.USBD_LL_Reset     usbd_core.o
    0x08004b94   0x08004b94   0x0000000e   Code   RO         4528    i.USBD_LL_Resume    usbd_core.o
    0x08004ba2   0x08004ba2   0x00000022   Code   RO         4529    i.USBD_LL_SOF       usbd_core.o
    0x08004bc4   0x08004bc4   0x00000008   Code   RO         4530    i.USBD_LL_SetSpeed  usbd_core.o
    0x08004bcc   0x08004bcc   0x00000044   Code   RO          309    i.USBD_LL_SetUSBAddress  usbd_conf.o
    0x08004c10   0x08004c10   0x0000006e   Code   RO         4531    i.USBD_LL_SetupStage  usbd_core.o
    0x08004c7e   0x08004c7e   0x00000044   Code   RO          310    i.USBD_LL_StallEP   usbd_conf.o
    0x08004cc2   0x08004cc2   0x0000003c   Code   RO          311    i.USBD_LL_Start     usbd_conf.o
    0x08004cfe   0x08004cfe   0x00000014   Code   RO         4532    i.USBD_LL_Suspend   usbd_core.o
    0x08004d12   0x08004d12   0x00000062   Code   RO          313    i.USBD_LL_Transmit  usbd_conf.o
    0x08004d74   0x08004d74   0x00000028   Code   RO         4663    i.USBD_ParseSetupRequest  usbd_ctlreq.o
    0x08004d9c   0x08004d9c   0x00000010   Code   RO         4533    i.USBD_RegisterClass  usbd_core.o
    0x08004dac   0x08004dac   0x00000006   Code   RO         4534    i.USBD_RunTestMode  usbd_core.o
    0x08004db2   0x08004db2   0x0000005a   Code   RO         4664    i.USBD_SetAddress   usbd_ctlreq.o
    0x08004e0c   0x08004e0c   0x00000022   Code   RO         4535    i.USBD_SetClassConfig  usbd_core.o
    0x08004e2e   0x08004e2e   0x00000002   PAD
    0x08004e30   0x08004e30   0x000000e8   Code   RO         4665    i.USBD_SetConfig    usbd_ctlreq.o
    0x08004f18   0x08004f18   0x00000018   Code   RO         4666    i.USBD_SetFeature   usbd_ctlreq.o
    0x08004f30   0x08004f30   0x0000000e   Code   RO         4536    i.USBD_Start        usbd_core.o
    0x08004f3e   0x08004f3e   0x000000a2   Code   RO         4667    i.USBD_StdDevReq    usbd_ctlreq.o
    0x08004fe0   0x08004fe0   0x00000238   Code   RO         4668    i.USBD_StdEPReq     usbd_ctlreq.o
    0x08005218   0x08005218   0x0000007e   Code   RO         4669    i.USBD_StdItfReq    usbd_ctlreq.o
    0x08005296   0x08005296   0x00000002   Code   RO          314    i.USBD_static_free  usbd_conf.o
    0x08005298   0x08005298   0x0000000c   Code   RO          315    i.USBD_static_malloc  usbd_conf.o
    0x080052a4   0x080052a4   0x00000486   Code   RO         1054    i.USB_ActivateEndpoint  stm32l4xx_ll_usb.o
    0x0800572a   0x0800572a   0x00000008   Code   RO         1057    i.USB_CoreInit      stm32l4xx_ll_usb.o
    0x08005732   0x08005732   0x0000027c   Code   RO         1059    i.USB_DeactivateEndpoint  stm32l4xx_ll_usb.o
    0x080059ae   0x080059ae   0x00000012   Code   RO         1060    i.USB_DevConnect    stm32l4xx_ll_usb.o
    0x080059c0   0x080059c0   0x00000012   Code   RO         1061    i.USB_DevDisconnect  stm32l4xx_ll_usb.o
    0x080059d2   0x080059d2   0x0000001e   Code   RO         1062    i.USB_DevInit       stm32l4xx_ll_usb.o
    0x080059f0   0x080059f0   0x00000014   Code   RO         1063    i.USB_DisableGlobalInt  stm32l4xx_ll_usb.o
    0x08005a04   0x08005a04   0x00000006   Code   RO         1064    i.USB_EP0_OutStart  stm32l4xx_ll_usb.o
    0x08005a0a   0x08005a0a   0x000000da   Code   RO         1065    i.USB_EPClearStall  stm32l4xx_ll_usb.o
    0x08005ae4   0x08005ae4   0x0000005c   Code   RO         1066    i.USB_EPSetStall    stm32l4xx_ll_usb.o
    0x08005b40   0x08005b40   0x00000414   Code   RO         1067    i.USB_EPStartXfer   stm32l4xx_ll_usb.o
    0x08005f54   0x08005f54   0x00000014   Code   RO         1068    i.USB_EnableGlobalInt  stm32l4xx_ll_usb.o
    0x08005f68   0x08005f68   0x00000010   Code   RO          630    i.USB_IRQHandler    stm32l4xx_it.o
    0x08005f78   0x08005f78   0x00000008   Code   RO         1075    i.USB_ReadInterrupts  stm32l4xx_ll_usb.o
    0x08005f80   0x08005f80   0x00000046   Code   RO         1076    i.USB_ReadPMA       stm32l4xx_ll_usb.o
    0x08005fc6   0x08005fc6   0x00000006   Code   RO         1078    i.USB_SetCurrentMode  stm32l4xx_ll_usb.o
    0x08005fcc   0x08005fcc   0x0000000e   Code   RO         1079    i.USB_SetDevAddress  stm32l4xx_ll_usb.o
    0x08005fda   0x08005fda   0x00000040   Code   RO         1082    i.USB_WritePMA      stm32l4xx_ll_usb.o
    0x0800601a   0x0800601a   0x00000004   Code   RO          631    i.UsageFault_Handler  stm32l4xx_it.o
    0x0800601e   0x0800601e   0x00000002   PAD
    0x08006020   0x08006020   0x00000010   Code   RO         4287    i.__NVIC_GetPriorityGrouping  stm32l4xx_hal_cortex.o
    0x08006030   0x08006030   0x00000028   Code   RO         4288    i.__NVIC_SetPriority  stm32l4xx_hal_cortex.o
    0x08006058   0x08006058   0x0000000e   Code   RO         4927    i.__scatterload_copy  mc_w.l(handlers.o)
    0x08006066   0x08006066   0x00000002   Code   RO         4928    i.__scatterload_null  mc_w.l(handlers.o)
    0x08006068   0x08006068   0x0000000e   Code   RO         4929    i.__scatterload_zeroinit  mc_w.l(handlers.o)
    0x08006076   0x08006076   0x00000002   PAD
    0x08006078   0x08006078   0x00000214   Code   RO           21    i.main              main.o
    0x0800628c   0x0800628c   0x00000048   Data   RO         4483    .constdata          system_stm32l4xx.o
    0x080062d4   0x080062d4   0x00000020   Data   RO         4925    Region$$Table       anon$$obj.o


    Execution Region RW_IRAM1 (Exec base: 0x20000000, Load base: 0x080062f4, Size: 0x00000fd0, Max: 0x0000c000, ABSOLUTE, COMPRESSED[0x000000f0])

    Exec Addr    Load Addr    Size         Type   Attr      Idx    E Section Name        Object

    0x20000000   COMPRESSED   0x0000002c   Data   RW           23    .data               main.o
    0x2000002c   COMPRESSED   0x0000004e   Data   RW          501    .data               usbd_desc.o
    0x2000007a   COMPRESSED   0x00000002   PAD
    0x2000007c   COMPRESSED   0x00000080   Data   RW          584    .data               usbd_custom_hid_if.o
    0x200000fc   COMPRESSED   0x00000004   Data   RW          632    .data               stm32l4xx_it.o
    0x20000100   COMPRESSED   0x0000000c   Data   RW         2558    .data               stm32l4xx_hal.o
    0x2000010c   COMPRESSED   0x00000004   Data   RW         4484    .data               system_stm32l4xx.o
    0x20000110   COMPRESSED   0x00000001   Data   RW         4670    .data               usbd_ctlreq.o
    0x20000111   COMPRESSED   0x00000003   PAD
    0x20000114   COMPRESSED   0x000000d2   Data   RW         4823    .data               usbd_customhid.o
    0x200001e6   COMPRESSED   0x00000002   PAD
    0x200001e8        -       0x00000279   Zero   RW           22    .bss                main.o
    0x20000461   COMPRESSED   0x00000003   PAD
    0x20000464        -       0x0000029c   Zero   RW          234    .bss                usb_device.o
    0x20000700        -       0x000002cc   Zero   RW          316    .bss                usbd_conf.o
    0x200009cc        -       0x00000200   Zero   RW          500    .bss                usbd_desc.o
    0x20000bcc   COMPRESSED   0x00000004   PAD
    0x20000bd0        -       0x00000400   Zero   RW            1    STACK               startup_stm32l442xx.o


==============================================================================

Image component sizes


      Code (inc. data)   RO Data    RW Data    ZI Data      Debug   Object Name

      1598        168          0         44        633     714421   main.o
        36          8        396          0       1024        848   startup_stm32l442xx.o
       154         28          0         12          0       3689   stm32l4xx_hal.o
      3006        116          0          0          0      69416   stm32l4xx_hal_adc.o
       172          6          0          0          0      51986   stm32l4xx_hal_adc_ex.o
       310         22          0          0          0      34547   stm32l4xx_hal_cortex.o
       816         10          0          0          0       4371   stm32l4xx_hal_dma.o
       452         20          0          0          0       2941   stm32l4xx_hal_gpio.o
       532         50          0          0          0       3193   stm32l4xx_hal_msp.o
      2428          0          0          0          0      10389   stm32l4xx_hal_pcd.o
       102          0          0          0          0       2515   stm32l4xx_hal_pcd_ex.o
       176         24          0          0          0       1943   stm32l4xx_hal_pwr_ex.o
      2652        110          0          0          0       7428   stm32l4xx_hal_rcc.o
      1236         26          0          0          0       2880   stm32l4xx_hal_rcc_ex.o
       192          0          0          0          0       1243   stm32l4xx_hal_spi.o
      1556         34          0          0          0       5049   stm32l4xx_hal_uart.o
        76         18          0          4          0       5489   stm32l4xx_it.o
      3430          0          0          0          0      17535   stm32l4xx_ll_usb.o
        80         12         72          4          0       1253   system_stm32l4xx.o
        76         16          0          0        668       2262   usb_device.o
      1088         36          0          0        716      14270   usbd_conf.o
       842          0          0          0          0      10563   usbd_core.o
      1944         28          0          1          0      11280   usbd_ctlreq.o
        96         10          0        128          0       2370   usbd_custom_hid_if.o
       756         40          0        210          0      11411   usbd_customhid.o
       410        146          0         78        512       6781   usbd_desc.o
       174          0          0          0          0       4808   usbd_ioreq.o

    ----------------------------------------------------------------------
     24416        928        500        488       3560    1004881   Object Totals
         0          0         32          0          0          0   (incl. Generated)
        26          0          0          7          7          0   (incl. Padding)

    ----------------------------------------------------------------------

      Code (inc. data)   RO Data    RW Data    ZI Data      Debug   Library Member Name

        86          0          0          0          0          0   __dczerorl2.o
         0          0          0          0          0          0   entry.o
         0          0          0          0          0          0   entry10a.o
         0          0          0          0          0          0   entry11a.o
         8          4          0          0          0          0   entry2.o
         4          0          0          0          0          0   entry5.o
         0          0          0          0          0          0   entry7b.o
         0          0          0          0          0          0   entry8b.o
         8          4          0          0          0          0   entry9a.o
        30          0          0          0          0          0   handlers.o
        36          8          0          0          0         68   init.o
        30          0          0          0          0         68   llshl.o
        32          0          0          0          0         68   llushr.o
        36          0          0          0          0         68   memcpya.o
        36          0          0          0          0        108   memseta.o
       104          0          0          0          0         92   uldiv.o

    ----------------------------------------------------------------------
       416         16          0          0          0        472   Library Totals
         6          0          0          0          0          0   (incl. Padding)

    ----------------------------------------------------------------------

      Code (inc. data)   RO Data    RW Data    ZI Data      Debug   Library Name

       410         16          0          0          0        472   mc_w.l

    ----------------------------------------------------------------------
       416         16          0          0          0        472   Library Totals

    ----------------------------------------------------------------------

==============================================================================


      Code (inc. data)   RO Data    RW Data    ZI Data      Debug   

     24832        944        500        488       3560     986481   Grand Totals
     24832        944        500        240       3560     986481   ELF Image Totals (compressed)
     24832        944        500        240          0          0   ROM Totals

==============================================================================

    Total RO  Size (Code + RO Data)                25332 (  24.74kB)
    Total RW  Size (RW Data + ZI Data)              4048 (   3.95kB)
    Total ROM Size (Code + RO Data + RW Data)      25572 (  24.97kB)

==============================================================================

