<html>
<body>
<pre>
<h1>µVision Build Log</h1>
<h2>Tool Versions:</h2>
IDE-Version: µVision V5.25.2.0
Copyright (C) 2018 ARM Ltd and ARM Germany GmbH. All rights reserved.
License Information: Igor Popov, H, LIC=HN0UH-W912P-LNAAA-1PME2-IKFD7-JUBR9
 
Tool Versions:
Toolchain:       MDK-ARM Plus  Version: 5.25.2.0
Toolchain Path:  C:\Keil_v5\ARM\ARMCC\Bin
C Compiler:      Armcc.exe V5.06 update 6 (build 750)
Assembler:       Armasm.exe V5.06 update 6 (build 750)
Linker/Locator:  ArmLink.exe V5.06 update 6 (build 750)
Library Manager: ArmAr.exe V5.06 update 6 (build 750)
Hex Converter:   FromElf.exe V5.06 update 6 (build 750)
CPU DLL:         SARMCM3.DLL V5.25.2.0
Dialog DLL:      DCM.DLL V1.17.1.0
Target DLL:      STLink\ST-LINKIII-KEIL_SWO.dll V3.0.1.0
Dialog DLL:      TCM.DLL V1.35.1.0
 
<h2>Project:</h2>
D:\igpo\projects\keil\3D_Coil_Receiver_V0_ADC_Test\MDK-ARM\3D_Coil_Receiver_V0.uvprojx
Project File Date:  01/16/2020

<h2>Output:</h2>
*** Using Compiler 'V5.06 update 6 (build 750)', folder: 'C:\Keil_v5\ARM\ARMCC\Bin'
Build target '3D_Coil_Receiver_V0'
compiling main.c...
../Src/main.c(196): warning:  #223-D: function "USBD_CUSTOM_HID_SendReport" declared implicitly
  						USBD_CUSTOM_HID_SendReport(&hUsbDeviceFS, dataToSend_TRND, sizeof(dataToSend_TRND));
../Src/main.c(201): warning:  #223-D: function "USBD_CUSTOM_HID_SendReport" declared implicitly
  				USBD_CUSTOM_HID_SendReport(&hUsbDeviceFS, USB_HID_dataToSend, sizeof(USB_HID_dataToSend));
../Src/main.c(206): warning:  #223-D: function "USBD_CUSTOM_HID_SendReport" declared implicitly
  					USBD_CUSTOM_HID_SendReport(&hUsbDeviceFS, USB_HID_dataToSend, sizeof(USB_HID_dataToSend));
../Src/main.c(211): warning:  #223-D: function "USBD_CUSTOM_HID_SendReport" declared implicitly
  					USBD_CUSTOM_HID_SendReport(&hUsbDeviceFS, USB_HID_dataToSend, sizeof(USB_HID_dataToSend));
../Src/main.c(216): warning:  #223-D: function "USBD_CUSTOM_HID_SendReport" declared implicitly
  					USBD_CUSTOM_HID_SendReport(&hUsbDeviceFS, USB_HID_dataToSend, sizeof(USB_HID_dataToSend));
../Src/main.c: 5 warnings, 0 errors
linking...
Program Size: Code=24832 RO-data=500 RW-data=488 ZI-data=3560  
FromELF: creating hex file...
"3D_Coil_Receiver_V0\3D_Coil_Receiver_V0.axf" - 0 Error(s), 5 Warning(s).

<h2>Software Packages used:</h2>

Package Vendor: ARM
                http://www.keil.com/pack/ARM.CMSIS.5.6.0.pack
                ARM.CMSIS.5.6.0
                CMSIS (Cortex Microcontroller Software Interface Standard)
   * Component: CORE Version: 5.3.0

Package Vendor: Keil
                https://www.keil.com/pack/Keil.STM32L4xx_DFP.2.3.0.pack
                Keil.STM32L4xx_DFP.2.3.0
                STMicroelectronics STM32L4 Series Device Support, Drivers and Examples

<h2>Collection of Component include folders:</h2>
  .\RTE\_3D_Coil_Receiver_V0
  C:\Keil_v5\ARM\PACK\ARM\CMSIS\5.6.0\CMSIS\Core\Include
  C:\Keil_v5\ARM\PACK\Keil\STM32L4xx_DFP\2.3.0\Drivers\CMSIS\Device\ST\STM32L4xx\Include

<h2>Collection of Component Files used:</h2>

   * Component: ARM::CMSIS:CORE:5.3.0
Build Time Elapsed:  00:00:02
</pre>
</body>
</html>
